=== Sustained Query Benchmark (BEH-035) ===
Pool: 10000 queries (dim=128) | GT: 10000x100
Rounds: 15 | Per-round: 1000 | Seed: 42
k=10, ef=60
Cache: 64MB (1024 slots, 11.6% coverage)
Mode: CONCURRENT (threads=1)
[BfsLayoutProvider] Loaded route table: 1000000 entries, 8812 blocks
[BlockCache] Initialized: block_size=65536, num_blocks=8812, cache_slots=1024, dim=128, layout=bfs, policy=lru, io_mode=direct
[BlockCache] Flat vec cache: 130055 slots, 65027 KB, entry_size=512
[BlockCache] Flat block cache: 4096 slots, 32 KB
[DiskHNSW] Loading graph structure (slim) from output/sift1m_m24/sift1m_m24_graph.bin...
  [slim+adj] Loading vectors for 42294 upper-layer nodes (20MB, skipping 488MB)
  [slim+adj] Loaded L0 adjacency: 26609131 edges (101MB)
  [slim+adj] Loaded graph structure from output/sift1m_m24/sift1m_m24_graph.bin (1000000 nodes, 42294 upper, 26609131 edges)
[DiskHNSW] Graph: 1000000 nodes, dim=128, max_level=4, entry_point=572119
[DiskHNSW] Loading BFS order from output/sift1m_m24/sift1m_m24_bfs.bin...
[DiskHNSW] BFS mapping loaded: 1000000 entries
  [CSR] Built compressed adjacency: 26609131 edges, compact=54MB + offsets=3MB = 57MB (raw would be 105MB, 1.8x compression)
[DiskHNSW] BlockCache (pluggable) initialized
[GraphPrefetcher] Initialized: ring_size=512, block_size=65536, odirect=yes, fd=3
[DiskHNSW] Graph-guided prefetch enabled (io_uring, odirect=yes)
[DiskHNSW] Loading PQ codes from output/pqco_sift1m_M32_correct.bin...
  PQ params: N=1000000, M=32, nbits=8, dim=128, dsub=4, ksub=256
  [UpperPQ] Freed 42294 exact vectors (20MB) — using PQ ADC instead
  PQ codebook: 0 MB
  PQ codes: 30 MB (1000000 x 32 bytes)
  PQ enabled: ADC distance will be used for Layer 0
RSS after init: 109 MB
[FineRerank] buffered mode (page cache + disk, recommended)
[FineRerank] slot table built: 7937 blocks, 584.46 ms

=== Aggregate ===
Total queries: 15000
Total time:    9.551 s
QPS:           1570.4
Recall@10:     96.40%
Cumulative unique queries: 7942 / 10000
Hit%:          0.00
RSS:           232 MB

=== Cache saturation ===
Round 1 QPS:   638.0
Round 15 QPS:  1841.2
Ramp-up:       188.6%

CSV_HEADER,round,queries,seconds,qps,recall,cum_unique
CSV_ROW,1,1000,1.567291,638.0,96.27,1000
CSV_ROW,2,1000,0.657618,1520.6,96.39,1914
CSV_ROW,3,1000,0.622582,1606.2,96.13,2714
CSV_ROW,4,1000,0.595482,1679.3,96.45,3434
CSV_ROW,5,1000,0.578660,1728.1,96.51,4081
CSV_ROW,6,1000,0.570057,1754.2,96.10,4675
CSV_ROW,7,1000,0.560410,1784.4,96.55,5220
CSV_ROW,8,1000,0.562896,1776.5,96.02,5696
CSV_ROW,9,1000,0.565893,1767.1,96.86,6116
CSV_ROW,10,1000,0.542494,1843.3,96.57,6494
CSV_ROW,11,1000,0.545962,1831.6,96.72,6837
CSV_ROW,12,1000,0.545522,1833.1,95.89,7145
CSV_ROW,13,1000,0.540196,1851.2,96.78,7439
CSV_ROW,14,1000,0.553275,1807.4,96.35,7701
CSV_ROW,15,1000,0.543133,1841.2,96.35,7942
CSV_AGG,15,15000,9.551471,1570.4,96.40,7942,1841.2
[Prefetch Accuracy] useful=0 wasted=0 total_prefetched_settled=0 accuracy=0%
terminate called without an active exception
