=== Sustained Query Benchmark (BEH-035) ===
Pool: 10000 queries (dim=128) | GT: 10000x100
Rounds: 15 | Per-round: 1000 | Seed: 42
k=10, ef=120
Cache: 64MB (1024 slots, 11.4% coverage)
Mode: CONCURRENT (threads=1)
[BfsLayoutProvider] Loaded route table: 1000000 entries, 8945 blocks
[BlockCache] Initialized: block_size=65536, num_blocks=8945, cache_slots=1024, dim=128, layout=bfs, policy=lru, io_mode=direct
[BlockCache] Flat vec cache: 130055 slots, 65027 KB, entry_size=512
[BlockCache] Flat block cache: 4096 slots, 32 KB
[DiskHNSW] Loading graph structure (slim) from output/sift1m_m48/sift1m_m48_graph.bin...
  [slim+adj] Loading vectors for 21284 upper-layer nodes (10MB, skipping 488MB)
  [slim+adj] Loaded L0 adjacency: 31725239 edges (121MB)
  [slim+adj] Loaded graph structure from output/sift1m_m48/sift1m_m48_graph.bin (1000000 nodes, 21284 upper, 31725239 edges)
[DiskHNSW] Graph: 1000000 nodes, dim=128, max_level=3, entry_point=81624
[DiskHNSW] Loading BFS order from output/sift1m_m48/sift1m_m48_bfs.bin...
[DiskHNSW] BFS mapping loaded: 1000000 entries
  [CSR] Built compressed adjacency: 31725239 edges, compact=62MB + offsets=3MB = 65MB (raw would be 124MB, 1.9x compression)
[DiskHNSW] BlockCache (pluggable) initialized
[GraphPrefetcher] Initialized: ring_size=512, block_size=65536, odirect=yes, fd=3
[DiskHNSW] Graph-guided prefetch enabled (io_uring, odirect=yes)
[DiskHNSW] Loading PQ codes from output/pqco_sift1m_M32_correct.bin...
  PQ params: N=1000000, M=32, nbits=8, dim=128, dsub=4, ksub=256
  [UpperPQ] Freed 21284 exact vectors (10MB) — using PQ ADC instead
  PQ codebook: 0 MB
  PQ codes: 30 MB (1000000 x 32 bytes)
  PQ enabled: ADC distance will be used for Layer 0
RSS after init: 111 MB
[FineRerank] buffered mode (page cache + disk, recommended)
[FineRerank] slot table built: 7937 blocks, 607.447 ms

=== Aggregate ===
Total queries: 15000
Total time:    124.367 s
QPS:           120.6
Recall@10:     99.31%
Cumulative unique queries: 7942 / 10000
Hit%:          0.00
RSS:           235 MB

=== Cache saturation ===
Round 1 QPS:   93.5
Round 15 QPS:  122.2
Ramp-up:       30.7%

CSV_HEADER,round,queries,seconds,qps,recall,cum_unique
CSV_ROW,1,1000,10.699583,93.5,99.30,1000
CSV_ROW,2,1000,7.976797,125.4,99.45,1914
CSV_ROW,3,1000,8.360951,119.6,99.23,2714
CSV_ROW,4,1000,8.162002,122.5,99.38,3434
CSV_ROW,5,1000,8.086797,123.7,99.34,4081
CSV_ROW,6,1000,8.132971,123.0,99.31,4675
CSV_ROW,7,1000,8.148297,122.7,99.28,5220
CSV_ROW,8,1000,8.178751,122.3,99.13,5696
CSV_ROW,9,1000,7.698588,129.9,99.44,6116
CSV_ROW,10,1000,8.157929,122.6,99.22,6494
CSV_ROW,11,1000,8.205030,121.9,99.36,6837
CSV_ROW,12,1000,8.161714,122.5,99.21,7145
CSV_ROW,13,1000,8.048900,124.2,99.39,7439
CSV_ROW,14,1000,8.163828,122.5,99.24,7701
CSV_ROW,15,1000,8.184747,122.2,99.36,7942
CSV_AGG,15,15000,124.366886,120.6,99.31,7942,122.2
[Prefetch Accuracy] useful=0 wasted=0 total_prefetched_settled=0 accuracy=0%
bash: 行 19: cg_stats: 未找到命令
