=== Sustained Query Benchmark (BEH-035) ===
Pool: 10000 queries (dim=128) | GT: 10000x100
Rounds: 15 | Per-round: 1000 | Seed: 42
k=10, ef=100
Cache: 64MB (1024 slots, 11.4% coverage)
Mode: CONCURRENT (threads=1)
[BfsLayoutProvider] Loaded route table: 1000000 entries, 8945 blocks
[BlockCache] Initialized: block_size=65536, num_blocks=8945, cache_slots=1024, dim=128, layout=bfs, policy=lru, io_mode=direct
[BlockCache] Flat vec cache: 130055 slots, 65027 KB, entry_size=512
[BlockCache] Flat block cache: 4096 slots, 32 KB
[DiskHNSW] Loading graph structure (slim) from output/sift1m_m48/sift1m_m48_graph.bin...
  [slim+adj] Loading vectors for 21284 upper-layer nodes (10MB, skipping 488MB)
  [slim+adj] Loaded L0 adjacency: 31725239 edges (121MB)
  [slim+adj] Loaded graph structure from output/sift1m_m48/sift1m_m48_graph.bin (1000000 nodes, 21284 upper, 31725239 edges)
[DiskHNSW] Graph: 1000000 nodes, dim=128, max_level=3, entry_point=81624
[DiskHNSW] Loading BFS order from output/sift1m_m48/sift1m_m48_bfs.bin...
[DiskHNSW] BFS mapping loaded: 1000000 entries
  [CSR] Built compressed adjacency: 31725239 edges, compact=62MB + offsets=3MB = 65MB (raw would be 124MB, 1.9x compression)
[DiskHNSW] BlockCache (pluggable) initialized
[GraphPrefetcher] Initialized: ring_size=512, block_size=65536, odirect=yes, fd=3
[DiskHNSW] Graph-guided prefetch enabled (io_uring, odirect=yes)
[DiskHNSW] Loading PQ codes from output/pqco_sift1m_M32_correct.bin...
  PQ params: N=1000000, M=32, nbits=8, dim=128, dsub=4, ksub=256
  [UpperPQ] Freed 21284 exact vectors (10MB) — using PQ ADC instead
  PQ codebook: 0 MB
  PQ codes: 30 MB (1000000 x 32 bytes)
  PQ enabled: ADC distance will be used for Layer 0
RSS after init: 111 MB
[FineRerank] buffered mode (page cache + disk, recommended)
[FineRerank] slot table built: 7937 blocks, 590.25 ms

=== Aggregate ===
Total queries: 15000
Total time:    105.411 s
QPS:           142.3
Recall@10:     99.01%
Cumulative unique queries: 7942 / 10000
Hit%:          0.00
RSS:           234 MB

=== Cache saturation ===
Round 1 QPS:   112.6
Round 15 QPS:  146.7
Ramp-up:       30.3%

CSV_HEADER,round,queries,seconds,qps,recall,cum_unique
CSV_ROW,1,1000,8.881378,112.6,98.94,1000
CSV_ROW,2,1000,7.770568,128.7,99.24,1914
CSV_ROW,3,1000,7.051012,141.8,98.84,2714
CSV_ROW,4,1000,6.940266,144.1,99.02,3434
CSV_ROW,5,1000,6.901951,144.9,99.10,4081
CSV_ROW,6,1000,6.969125,143.5,98.99,4675
CSV_ROW,7,1000,6.750872,148.1,99.05,5220
CSV_ROW,8,1000,6.844864,146.1,98.86,5696
CSV_ROW,9,1000,6.238293,160.3,99.14,6116
CSV_ROW,10,1000,6.739239,148.4,98.96,6494
CSV_ROW,11,1000,6.926518,144.4,99.06,6837
CSV_ROW,12,1000,6.754181,148.1,98.89,7145
CSV_ROW,13,1000,6.859421,145.8,99.10,7439
CSV_ROW,14,1000,6.964953,143.6,98.83,7701
CSV_ROW,15,1000,6.818070,146.7,99.08,7942
CSV_AGG,15,15000,105.410709,142.3,99.01,7942,146.7
[Prefetch Accuracy] useful=0 wasted=0 total_prefetched_settled=0 accuracy=0%
bash: 行 19: cg_stats: 未找到命令
