[cgroup_utils] 版本: v2 | 路径: /sys/fs/cgroup/sqb_hv_beam64_r0_24_512_16_1000 | 限制: 512MB
=== Sustained Query Benchmark (BEH-035) ===
Pool: 10000 queries (dim=128) | GT: 10000x100
Rounds: 15 | Per-round: 1000 | Seed: 42
k=10, ef=100
Cache: 64MB (1024 slots, 11.7% coverage)
Mode: CONCURRENT (threads=16)
[BfsLayoutProvider] Loaded route table: 1000000 entries, 8739 blocks
[BlockCache] Initialized: block_size=65536, num_blocks=8739, cache_slots=1024, dim=128, layout=bfs, policy=lru, io_mode=direct
[BlockCache] Flat vec cache: 325139 slots, 162569 KB, entry_size=512
[BlockCache] Flat block cache: 4096 slots, 32 KB
[DiskHNSW] Loading graph structure (slim) from poc/hierarchical-vamana/output/sift1m_graph.bin...
  [slim+adj] Loading vectors for 62778 upper-layer nodes (30MB, skipping 488MB)
  [slim+adj] Loaded L0 adjacency: 23250673 edges (88MB)
  [slim+adj] Loaded graph structure from poc/hierarchical-vamana/output/sift1m_graph.bin (1000000 nodes, 62778 upper, 23250673 edges)
[DiskHNSW] Graph: 1000000 nodes, dim=128, max_level=4, entry_point=18691
[DiskHNSW] Loading BFS order from poc/hierarchical-vamana/output/sift1m_bfs.bin...
[DiskHNSW] BFS mapping loaded: 1000000 entries
  [CSR] Built compressed adjacency: 23250673 edges, compact=49MB + offsets=3MB = 52MB (raw would be 92MB, 1.8x compression)
[DiskHNSW] BlockCache (pluggable) initialized
[GraphPrefetcher] Initialized: ring_size=512, block_size=65536, odirect=yes, fd=3
[DiskHNSW] Graph-guided prefetch enabled (io_uring, odirect=yes)
[DiskHNSW] Loading PQ codes from output/pqco_sift1m_M32_correct.bin...
  PQ params: N=1000000, M=32, nbits=8, dim=128, dsub=4, ksub=256
  [UpperPQ] Freed 62778 exact vectors (30MB) — using PQ ADC instead
  PQ codebook: 0 MB
  PQ codes: 30 MB (1000000 x 32 bytes)
  PQ enabled: ADC distance will be used for Layer 0
RSS after init: 163 MB
[FineRerank] buffered mode (page cache + disk, recommended)
[FineRerank] slot table built: 7937 blocks, 484.154 ms
Round   1: QPS=   1383.2  recall=95.93%  cum_unique=1000
Round   2: QPS=   5918.6  recall=95.91%  cum_unique=1914
Round   3: QPS=   6651.2  recall=95.69%  cum_unique=2714
Round   4: QPS=   7720.3  recall=95.65%  cum_unique=3434
Round   5: QPS=   7917.9  recall=96.05%  cum_unique=4081
Round   6: QPS=   7590.4  recall=96.08%  cum_unique=4675
Round   7: QPS=   8804.4  recall=95.84%  cum_unique=5220
Round   8: QPS=   9092.5  recall=95.54%  cum_unique=5696
Round   9: QPS=   9591.2  recall=96.63%  cum_unique=6116
Round  10: QPS=   9539.4  recall=95.96%  cum_unique=6494
Round  11: QPS=   9634.6  recall=95.91%  cum_unique=6837
Round  12: QPS=   9578.4  recall=95.65%  cum_unique=7145
Round  13: QPS=  10653.0  recall=95.85%  cum_unique=7439
Round  14: QPS=  10400.0  recall=95.65%  cum_unique=7701
Round  15: QPS=  10507.5  recall=95.73%  cum_unique=7942

=== Aggregate ===
Total queries: 15000
Total time:    2.356 s
QPS:           6367.0
Recall@10:     95.87%
Cumulative unique queries: 7942 / 10000
Hit%:          0.00
RSS:           358 MB

=== Cache saturation ===
Round 1 QPS:   1383.2
Round 15 QPS:  10507.5
Ramp-up:       659.7%

CSV_HEADER,round,queries,seconds,qps,recall,cum_unique
CSV_ROW,1,1000,0.722982,1383.2,95.93,1000
CSV_ROW,2,1000,0.168960,5918.6,95.91,1914
CSV_ROW,3,1000,0.150348,6651.2,95.69,2714
CSV_ROW,4,1000,0.129528,7720.3,95.65,3434
CSV_ROW,5,1000,0.126297,7917.9,96.05,4081
CSV_ROW,6,1000,0.131745,7590.4,96.08,4675
CSV_ROW,7,1000,0.113579,8804.4,95.84,5220
CSV_ROW,8,1000,0.109981,9092.5,95.54,5696
CSV_ROW,9,1000,0.104262,9591.2,96.63,6116
CSV_ROW,10,1000,0.104828,9539.4,95.96,6494
CSV_ROW,11,1000,0.103792,9634.6,95.91,6837
CSV_ROW,12,1000,0.104401,9578.4,95.65,7145
CSV_ROW,13,1000,0.093870,10653.0,95.85,7439
CSV_ROW,14,1000,0.096154,10400.0,95.65,7701
CSV_ROW,15,1000,0.095171,10507.5,95.73,7942
CSV_AGG,15,15000,2.355897,6367.0,95.87,7942,10507.5
[Prefetch Accuracy] useful=0 wasted=0 total_prefetched_settled=0 accuracy=0%
terminate called without an active exception
bash: line 15: 66160 Aborted                 (core dumped) build/benchmark_sustained poc/hierarchical-vamana/output/sift1m_graph.bin poc/hierarchical-vamana/output/sift1m_bfs.bin poc/hierarchical-vamana/output/sift1m_blocks_64k.bin poc/hierarchical-vamana/output/sift1m_route_64k.bin data/sift_base.fvecs data/sift_query_official10k.fvecs data/sift_groundtruth_official.ivecs 10 100 --rounds 15 --per-round 1000 --seed 42 --verbose
