[cgroup_utils] 版本: v2 | 路径: /sys/fs/cgroup/sqb_hv_vamana_a1_4_512_16_1000 | 限制: 512MB
=== Sustained Query Benchmark (BEH-035) ===
Pool: 10000 queries (dim=128) | GT: 10000x100
Rounds: 15 | Per-round: 1000 | Seed: 42
k=10, ef=100
Cache: 64MB (1024 slots, 11.4% coverage)
Mode: CONCURRENT (threads=16)
[BfsLayoutProvider] Loaded route table: 1000000 entries, 8945 blocks
[BlockCache] Initialized: block_size=65536, num_blocks=8945, cache_slots=1024, dim=128, layout=bfs, policy=lru, io_mode=direct
[BlockCache] Flat vec cache: 325139 slots, 162569 KB, entry_size=512
[BlockCache] Flat block cache: 4096 slots, 32 KB
[DiskHNSW] Loading graph structure (slim) from poc/hierarchical-vamana/output/sift1m_graph.bin...
  [slim+adj] Loading vectors for 62778 upper-layer nodes (30MB, skipping 488MB)
  [slim+adj] Loaded L0 adjacency: 31889002 edges (121MB)
  [slim+adj] Loaded graph structure from poc/hierarchical-vamana/output/sift1m_graph.bin (1000000 nodes, 62778 upper, 31889002 edges)
[DiskHNSW] Graph: 1000000 nodes, dim=128, max_level=4, entry_point=18691
[DiskHNSW] Loading BFS order from poc/hierarchical-vamana/output/sift1m_bfs.bin...
[DiskHNSW] BFS mapping loaded: 1000000 entries
  [CSR] Built compressed adjacency: 31889002 edges, compact=62MB + offsets=3MB = 65MB (raw would be 125MB, 1.9x compression)
[DiskHNSW] BlockCache (pluggable) initialized
[GraphPrefetcher] Initialized: ring_size=512, block_size=65536, odirect=yes, fd=3
[DiskHNSW] Graph-guided prefetch enabled (io_uring, odirect=yes)
[DiskHNSW] Loading PQ codes from output/pqco_sift1m_M32_correct.bin...
  PQ params: N=1000000, M=32, nbits=8, dim=128, dsub=4, ksub=256
  [UpperPQ] Freed 62778 exact vectors (30MB) — using PQ ADC instead
  PQ codebook: 0 MB
  PQ codes: 30 MB (1000000 x 32 bytes)
  PQ enabled: ADC distance will be used for Layer 0
RSS after init: 206 MB
[FineRerank] buffered mode (page cache + disk, recommended)
[FineRerank] slot table built: 7937 blocks, 484.428 ms
Round   1: QPS=   1320.5  recall=95.44%  cum_unique=1000
Round   2: QPS=   4883.9  recall=96.12%  cum_unique=1914
Round   3: QPS=   5554.2  recall=95.97%  cum_unique=2714
Round   4: QPS=   6321.6  recall=96.07%  cum_unique=3434
Round   5: QPS=   6091.2  recall=96.38%  cum_unique=4081
Round   6: QPS=   6807.0  recall=95.88%  cum_unique=4675
Round   7: QPS=   7261.7  recall=95.95%  cum_unique=5220
Round   8: QPS=   7795.6  recall=95.57%  cum_unique=5696
Round   9: QPS=   7862.4  recall=96.44%  cum_unique=6116
Round  10: QPS=   8094.3  recall=95.64%  cum_unique=6494
Round  11: QPS=   8167.1  recall=96.04%  cum_unique=6837
Round  12: QPS=   8391.0  recall=95.43%  cum_unique=7145
Round  13: QPS=   8408.9  recall=96.05%  cum_unique=7439
Round  14: QPS=   8309.6  recall=96.02%  cum_unique=7701
Round  15: QPS=   8438.7  recall=95.80%  cum_unique=7942

=== Aggregate ===
Total queries: 15000
Total time:    2.727 s
QPS:           5499.7
Recall@10:     95.92%
Cumulative unique queries: 7942 / 10000
Hit%:          0.00
RSS:           401 MB

=== Cache saturation ===
Round 1 QPS:   1320.5
Round 15 QPS:  8438.7
Ramp-up:       539.0%

CSV_HEADER,round,queries,seconds,qps,recall,cum_unique
CSV_ROW,1,1000,0.757262,1320.5,95.44,1000
CSV_ROW,2,1000,0.204753,4883.9,96.12,1914
CSV_ROW,3,1000,0.180044,5554.2,95.97,2714
CSV_ROW,4,1000,0.158187,6321.6,96.07,3434
CSV_ROW,5,1000,0.164172,6091.2,96.38,4081
CSV_ROW,6,1000,0.146908,6807.0,95.88,4675
CSV_ROW,7,1000,0.137709,7261.7,95.95,5220
CSV_ROW,8,1000,0.128277,7795.6,95.57,5696
CSV_ROW,9,1000,0.127187,7862.4,96.44,6116
CSV_ROW,10,1000,0.123544,8094.3,95.64,6494
CSV_ROW,11,1000,0.122442,8167.1,96.04,6837
CSV_ROW,12,1000,0.119175,8391.0,95.43,7145
CSV_ROW,13,1000,0.118921,8408.9,96.05,7439
CSV_ROW,14,1000,0.120343,8309.6,96.02,7701
CSV_ROW,15,1000,0.118502,8438.7,95.80,7942
CSV_AGG,15,15000,2.727427,5499.7,95.92,7942,8438.7
[Prefetch Accuracy] useful=0 wasted=0 total_prefetched_settled=0 accuracy=0%
terminate called without an active exception
bash: line 15: 55141 Aborted                 (core dumped) build/benchmark_sustained poc/hierarchical-vamana/output/sift1m_graph.bin poc/hierarchical-vamana/output/sift1m_bfs.bin poc/hierarchical-vamana/output/sift1m_blocks_64k.bin poc/hierarchical-vamana/output/sift1m_route_64k.bin data/sift_base.fvecs data/sift_query_official10k.fvecs data/sift_groundtruth_official.ivecs 10 100 --rounds 15 --per-round 1000 --seed 42 --verbose
