[cgroup_utils] 版本: v2 | 路径: /sys/fs/cgroup/sqb_hv_beam128_r0_32_512_16_1000 | 限制: 512MB
=== Sustained Query Benchmark (BEH-035) ===
Pool: 10000 queries (dim=128) | GT: 10000x100
Rounds: 15 | Per-round: 1000 | Seed: 42
k=10, ef=100
Cache: 64MB (1024 slots, 11.4% coverage)
Mode: CONCURRENT (threads=16)
[BfsLayoutProvider] Loaded route table: 1000000 entries, 8961 blocks
[BlockCache] Initialized: block_size=65536, num_blocks=8961, cache_slots=1024, dim=128, layout=bfs, policy=lru, io_mode=direct
[BlockCache] Flat vec cache: 325139 slots, 162569 KB, entry_size=512
[BlockCache] Flat block cache: 4096 slots, 32 KB
[DiskHNSW] Loading graph structure (slim) from poc/hierarchical-vamana/output/sift1m_graph.bin...
  [slim+adj] Loading vectors for 62778 upper-layer nodes (30MB, skipping 488MB)
  [slim+adj] Loaded L0 adjacency: 31048095 edges (118MB)
  [slim+adj] Loaded graph structure from poc/hierarchical-vamana/output/sift1m_graph.bin (1000000 nodes, 62778 upper, 31048095 edges)
[DiskHNSW] Graph: 1000000 nodes, dim=128, max_level=4, entry_point=18691
[DiskHNSW] Loading BFS order from poc/hierarchical-vamana/output/sift1m_bfs.bin...
[DiskHNSW] BFS mapping loaded: 1000000 entries
  [CSR] Built compressed adjacency: 31048095 edges, compact=63MB + offsets=3MB = 66MB (raw would be 122MB, 1.8x compression)
[DiskHNSW] BlockCache (pluggable) initialized
[GraphPrefetcher] Initialized: ring_size=512, block_size=65536, odirect=yes, fd=3
[DiskHNSW] Graph-guided prefetch enabled (io_uring, odirect=yes)
[DiskHNSW] Loading PQ codes from output/pqco_sift1m_M32_correct.bin...
  PQ params: N=1000000, M=32, nbits=8, dim=128, dsub=4, ksub=256
  [UpperPQ] Freed 62778 exact vectors (30MB) — using PQ ADC instead
  PQ codebook: 0 MB
  PQ codes: 30 MB (1000000 x 32 bytes)
  PQ enabled: ADC distance will be used for Layer 0
RSS after init: 177 MB
[FineRerank] buffered mode (page cache + disk, recommended)
[FineRerank] slot table built: 7937 blocks, 477.739 ms
Round   1: QPS=   1388.5  recall=97.54%  cum_unique=1000
Round   2: QPS=   5482.0  recall=97.72%  cum_unique=1914
Round   3: QPS=   6227.5  recall=97.80%  cum_unique=2714
Round   4: QPS=   6961.1  recall=98.00%  cum_unique=3434
Round   5: QPS=   7634.1  recall=98.10%  cum_unique=4081
Round   6: QPS=   7964.2  recall=97.86%  cum_unique=4675
Round   7: QPS=   8360.3  recall=97.76%  cum_unique=5220
Round   8: QPS=   8624.8  recall=97.60%  cum_unique=5696
Round   9: QPS=   9071.9  recall=98.42%  cum_unique=6116
Round  10: QPS=   8919.6  recall=97.81%  cum_unique=6494
Round  11: QPS=   9121.4  recall=98.03%  cum_unique=6837
Round  12: QPS=   9431.5  recall=97.70%  cum_unique=7145
Round  13: QPS=   9854.3  recall=97.82%  cum_unique=7439
Round  14: QPS=   9600.3  recall=97.86%  cum_unique=7701
Round  15: QPS=   9584.3  recall=97.83%  cum_unique=7942

=== Aggregate ===
Total queries: 15000
Total time:    2.447 s
QPS:           6130.1
Recall@10:     97.86%
Cumulative unique queries: 7942 / 10000
Hit%:          0.00
RSS:           372 MB

=== Cache saturation ===
Round 1 QPS:   1388.5
Round 15 QPS:  9584.3
Ramp-up:       590.3%

CSV_HEADER,round,queries,seconds,qps,recall,cum_unique
CSV_ROW,1,1000,0.720200,1388.5,97.54,1000
CSV_ROW,2,1000,0.182414,5482.0,97.72,1914
CSV_ROW,3,1000,0.160579,6227.5,97.80,2714
CSV_ROW,4,1000,0.143656,6961.1,98.00,3434
CSV_ROW,5,1000,0.130992,7634.1,98.10,4081
CSV_ROW,6,1000,0.125561,7964.2,97.86,4675
CSV_ROW,7,1000,0.119613,8360.3,97.76,5220
CSV_ROW,8,1000,0.115945,8624.8,97.60,5696
CSV_ROW,9,1000,0.110231,9071.9,98.42,6116
CSV_ROW,10,1000,0.112113,8919.6,97.81,6494
CSV_ROW,11,1000,0.109632,9121.4,98.03,6837
CSV_ROW,12,1000,0.106027,9431.5,97.70,7145
CSV_ROW,13,1000,0.101478,9854.3,97.82,7439
CSV_ROW,14,1000,0.104164,9600.3,97.86,7701
CSV_ROW,15,1000,0.104337,9584.3,97.83,7942
CSV_AGG,15,15000,2.446942,6130.1,97.86,7942,9584.3
[Prefetch Accuracy] useful=0 wasted=0 total_prefetched_settled=0 accuracy=0%
terminate called without an active exception
bash: line 15: 65086 Aborted                 (core dumped) build/benchmark_sustained poc/hierarchical-vamana/output/sift1m_graph.bin poc/hierarchical-vamana/output/sift1m_bfs.bin poc/hierarchical-vamana/output/sift1m_blocks_64k.bin poc/hierarchical-vamana/output/sift1m_route_64k.bin data/sift_base.fvecs data/sift_query_official10k.fvecs data/sift_groundtruth_official.ivecs 10 100 --rounds 15 --per-round 1000 --seed 42 --verbose
