[cgroup_utils] 版本: v2 | 路径: /sys/fs/cgroup/sqb_hv_promote_512_16_1000 | 限制: 512MB
=== Sustained Query Benchmark (BEH-035) ===
Pool: 10000 queries (dim=128) | GT: 10000x100
Rounds: 15 | Per-round: 1000 | Seed: 42
k=10, ef=100
Cache: 64MB (1024 slots, 11.5% coverage)
Mode: CONCURRENT (threads=16)
[BfsLayoutProvider] Loaded route table: 1000000 entries, 8866 blocks
[BlockCache] Initialized: block_size=65536, num_blocks=8866, cache_slots=1024, dim=128, layout=bfs, policy=lru, io_mode=direct
[BlockCache] Flat vec cache: 325139 slots, 162569 KB, entry_size=512
[BlockCache] Flat block cache: 4096 slots, 32 KB
[DiskHNSW] Loading graph structure (slim) from output/sift1m_graph.bin...
  [slim+adj] Loading vectors for 62778 upper-layer nodes (30MB, skipping 488MB)
  [slim+adj] Loaded L0 adjacency: 26244126 edges (100MB)
  [slim+adj] Loaded graph structure from output/sift1m_graph.bin (1000000 nodes, 62778 upper, 26244126 edges)
[DiskHNSW] Graph: 1000000 nodes, dim=128, max_level=4, entry_point=18691
[DiskHNSW] Loading BFS order from output/sift1m_bfs.bin...
[DiskHNSW] BFS mapping loaded: 1000000 entries
  [CSR] Built compressed adjacency: 26244126 edges, compact=57MB + offsets=3MB = 60MB (raw would be 103MB, 1.7x compression)
[DiskHNSW] BlockCache (pluggable) initialized
[GraphPrefetcher] Initialized: ring_size=512, block_size=65536, odirect=yes, fd=3
[DiskHNSW] Graph-guided prefetch enabled (io_uring, odirect=yes)
[DiskHNSW] Loading PQ codes from output/pqco_sift1m_M32_correct.bin...
  PQ params: N=1000000, M=32, nbits=8, dim=128, dsub=4, ksub=256
  [UpperPQ] Freed 62778 exact vectors (30MB) — using PQ ADC instead
  PQ codebook: 0 MB
  PQ codes: 30 MB (1000000 x 32 bytes)
  PQ enabled: ADC distance will be used for Layer 0
RSS after init: 170 MB
[FineRerank] buffered mode (page cache + disk, recommended)
[FineRerank] slot table built: 7937 blocks, 510.539 ms
Round   1: QPS=   1298.8  recall=97.13%  cum_unique=1000
Round   2: QPS=   5139.6  recall=97.15%  cum_unique=1914
Round   3: QPS=   5768.2  recall=96.87%  cum_unique=2714
Round   4: QPS=   6423.5  recall=96.97%  cum_unique=3434
Round   5: QPS=   7093.4  recall=97.18%  cum_unique=4081
Round   6: QPS=   7468.1  recall=96.99%  cum_unique=4675
Round   7: QPS=   7716.2  recall=96.93%  cum_unique=5220
Round   8: QPS=   8274.2  recall=96.93%  cum_unique=5696
Round   9: QPS=   8375.0  recall=97.29%  cum_unique=6116
Round  10: QPS=   8407.7  recall=97.30%  cum_unique=6494
Round  11: QPS=   8512.0  recall=96.91%  cum_unique=6837
Round  12: QPS=   8573.2  recall=96.53%  cum_unique=7145
Round  13: QPS=   8931.0  recall=97.18%  cum_unique=7439
Round  14: QPS=   8797.4  recall=97.05%  cum_unique=7701
Round  15: QPS=   9035.3  recall=96.82%  cum_unique=7942

=== Aggregate ===
Total queries: 15000
Total time:    2.628 s
QPS:           5708.4
Recall@10:     97.02%
Cumulative unique queries: 7942 / 10000
Hit%:          0.00
RSS:           367 MB

=== Cache saturation ===
Round 1 QPS:   1298.8
Round 15 QPS:  9035.3
Ramp-up:       595.7%

CSV_HEADER,round,queries,seconds,qps,recall,cum_unique
CSV_ROW,1,1000,0.769968,1298.8,97.13,1000
CSV_ROW,2,1000,0.194567,5139.6,97.15,1914
CSV_ROW,3,1000,0.173365,5768.2,96.87,2714
CSV_ROW,4,1000,0.155678,6423.5,96.97,3434
CSV_ROW,5,1000,0.140975,7093.4,97.18,4081
CSV_ROW,6,1000,0.133903,7468.1,96.99,4675
CSV_ROW,7,1000,0.129598,7716.2,96.93,5220
CSV_ROW,8,1000,0.120857,8274.2,96.93,5696
CSV_ROW,9,1000,0.119403,8375.0,97.29,6116
CSV_ROW,10,1000,0.118939,8407.7,97.30,6494
CSV_ROW,11,1000,0.117481,8512.0,96.91,6837
CSV_ROW,12,1000,0.116642,8573.2,96.53,7145
CSV_ROW,13,1000,0.111969,8931.0,97.18,7439
CSV_ROW,14,1000,0.113670,8797.4,97.05,7701
CSV_ROW,15,1000,0.110676,9035.3,96.82,7942
CSV_AGG,15,15000,2.627692,5708.4,97.02,7942,9035.3
[Prefetch Accuracy] useful=0 wasted=0 total_prefetched_settled=0 accuracy=0%
terminate called without an active exception
bash: line 21: 160303 Aborted                 (core dumped) build/benchmark_sustained output/sift1m_graph.bin output/sift1m_bfs.bin output/sift1m_blocks_64k.bin output/sift1m_route_64k.bin data/sift_base.fvecs data/sift_query_official10k.fvecs data/sift_groundtruth_official.ivecs 10 100 --rounds 15 --per-round 1000 --seed 42 --verbose
