[cgroup_utils] 版本: v2 | 路径: /sys/fs/cgroup/sqb_hv_beam64_r0_40_512_16_1000 | 限制: 512MB
=== Sustained Query Benchmark (BEH-035) ===
Pool: 10000 queries (dim=128) | GT: 10000x100
Rounds: 15 | Per-round: 1000 | Seed: 42
k=10, ef=100
Cache: 64MB (1024 slots, 11.3% coverage)
Mode: CONCURRENT (threads=16)
[BfsLayoutProvider] Loaded route table: 1000000 entries, 9099 blocks
[BlockCache] Initialized: block_size=65536, num_blocks=9099, cache_slots=1024, dim=128, layout=bfs, policy=lru, io_mode=direct
[BlockCache] Flat vec cache: 325139 slots, 162569 KB, entry_size=512
[BlockCache] Flat block cache: 4096 slots, 32 KB
[DiskHNSW] Loading graph structure (slim) from poc/hierarchical-vamana/output/sift1m_graph.bin...
  [slim+adj] Loading vectors for 62778 upper-layer nodes (30MB, skipping 488MB)
  [slim+adj] Loaded L0 adjacency: 34640174 edges (132MB)
  [slim+adj] Loaded graph structure from poc/hierarchical-vamana/output/sift1m_graph.bin (1000000 nodes, 62778 upper, 34640174 edges)
[DiskHNSW] Graph: 1000000 nodes, dim=128, max_level=4, entry_point=18691
[DiskHNSW] Loading BFS order from poc/hierarchical-vamana/output/sift1m_bfs.bin...
[DiskHNSW] BFS mapping loaded: 1000000 entries
  [CSR] Built compressed adjacency: 34640174 edges, compact=71MB + offsets=3MB = 74MB (raw would be 135MB, 1.8x compression)
[DiskHNSW] BlockCache (pluggable) initialized
[GraphPrefetcher] Initialized: ring_size=512, block_size=65536, odirect=yes, fd=3
[DiskHNSW] Graph-guided prefetch enabled (io_uring, odirect=yes)
[DiskHNSW] Loading PQ codes from output/pqco_sift1m_M32_correct.bin...
  PQ params: N=1000000, M=32, nbits=8, dim=128, dsub=4, ksub=256
  [UpperPQ] Freed 62778 exact vectors (30MB) — using PQ ADC instead
  PQ codebook: 0 MB
  PQ codes: 30 MB (1000000 x 32 bytes)
  PQ enabled: ADC distance will be used for Layer 0
RSS after init: 185 MB
[FineRerank] buffered mode (page cache + disk, recommended)
[FineRerank] slot table built: 7937 blocks, 447.377 ms
Round   1: QPS=   1430.9  recall=98.80%  cum_unique=1000
Round   2: QPS=   5360.0  recall=99.05%  cum_unique=1914
Round   3: QPS=   6053.2  recall=98.91%  cum_unique=2714
Round   4: QPS=   6929.6  recall=99.05%  cum_unique=3434
Round   5: QPS=   7383.4  recall=99.09%  cum_unique=4081
Round   6: QPS=   7713.7  recall=99.08%  cum_unique=4675
Round   7: QPS=   8065.8  recall=98.77%  cum_unique=5220
Round   8: QPS=   8335.9  recall=99.04%  cum_unique=5696
Round   9: QPS=   8876.3  recall=99.16%  cum_unique=6116
Round  10: QPS=   9097.6  recall=98.91%  cum_unique=6494
Round  11: QPS=   8728.6  recall=98.94%  cum_unique=6837
Round  12: QPS=   8982.2  recall=98.72%  cum_unique=7145
Round  13: QPS=   9361.8  recall=98.99%  cum_unique=7439
Round  14: QPS=   9148.2  recall=98.83%  cum_unique=7701
Round  15: QPS=   8953.9  recall=98.89%  cum_unique=7942

=== Aggregate ===
Total queries: 15000
Total time:    2.480 s
QPS:           6047.8
Recall@10:     98.95%
Cumulative unique queries: 7942 / 10000
Hit%:          0.00
RSS:           381 MB

=== Cache saturation ===
Round 1 QPS:   1430.9
Round 15 QPS:  8953.9
Ramp-up:       525.8%

CSV_HEADER,round,queries,seconds,qps,recall,cum_unique
CSV_ROW,1,1000,0.698869,1430.9,98.80,1000
CSV_ROW,2,1000,0.186566,5360.0,99.05,1914
CSV_ROW,3,1000,0.165203,6053.2,98.91,2714
CSV_ROW,4,1000,0.144309,6929.6,99.05,3434
CSV_ROW,5,1000,0.135439,7383.4,99.09,4081
CSV_ROW,6,1000,0.129639,7713.7,99.08,4675
CSV_ROW,7,1000,0.123980,8065.8,98.77,5220
CSV_ROW,8,1000,0.119964,8335.9,99.04,5696
CSV_ROW,9,1000,0.112660,8876.3,99.16,6116
CSV_ROW,10,1000,0.109919,9097.6,98.91,6494
CSV_ROW,11,1000,0.114565,8728.6,98.94,6837
CSV_ROW,12,1000,0.111331,8982.2,98.72,7145
CSV_ROW,13,1000,0.106817,9361.8,98.99,7439
CSV_ROW,14,1000,0.109311,9148.2,98.83,7701
CSV_ROW,15,1000,0.111683,8953.9,98.89,7942
CSV_AGG,15,15000,2.480255,6047.8,98.95,7942,8953.9
[Prefetch Accuracy] useful=0 wasted=0 total_prefetched_settled=0 accuracy=0%
terminate called without an active exception
bash: line 15: 67650 Aborted                 (core dumped) build/benchmark_sustained poc/hierarchical-vamana/output/sift1m_graph.bin poc/hierarchical-vamana/output/sift1m_bfs.bin poc/hierarchical-vamana/output/sift1m_blocks_64k.bin poc/hierarchical-vamana/output/sift1m_route_64k.bin data/sift_base.fvecs data/sift_query_official10k.fvecs data/sift_groundtruth_official.ivecs 10 100 --rounds 15 --per-round 1000 --seed 42 --verbose
