[cgroup_utils] 版本: v2 | 路径: /sys/fs/cgroup/sqb_bl_trunk_d0ae5dd_1t_512_1_1000 | 限制: 512MB
=== Sustained Query Benchmark (BEH-035) ===
Pool: 10000 queries (dim=128) | GT: 10000x100
Rounds: 15 | Per-round: 1000 | Seed: 42
k=10, ef=100
Cache: 64MB (1024 slots, 11.8% coverage)
Mode: CONCURRENT (threads=1)
[BfsLayoutProvider] Loaded route table: 1000000 entries, 8651 blocks
[BlockCache] Initialized: block_size=65536, num_blocks=8651, cache_slots=1024, dim=128, layout=bfs, policy=lru, io_mode=direct
[BlockCache] Flat vec cache: 325139 slots, 162569 KB, entry_size=512
[BlockCache] Flat block cache: 4096 slots, 32 KB
[DiskHNSW] Loading graph structure (slim) from output/sift1m_graph.bin...
  [slim+adj] Loading vectors for 63001 upper-layer nodes (30MB, skipping 488MB)
  [slim+adj] Loaded L0 adjacency: 21202584 edges (80MB)
  [slim+adj] Loaded graph structure from output/sift1m_graph.bin (1000000 nodes, 63001 upper, 21202584 edges)
[DiskHNSW] Graph: 1000000 nodes, dim=128, max_level=5, entry_point=572216
[DiskHNSW] Loading BFS order from output/sift1m_bfs.bin...
[DiskHNSW] BFS mapping loaded: 1000000 entries
  [CSR] Built compressed adjacency: 21202584 edges, compact=44MB + offsets=3MB = 47MB (raw would be 84MB, 1.8x compression)
[DiskHNSW] BlockCache (pluggable) initialized
[GraphPrefetcher] Initialized: ring_size=512, block_size=65536, odirect=yes, fd=3
[DiskHNSW] Graph-guided prefetch enabled (io_uring, odirect=yes)
[DiskHNSW] Loading PQ codes from output/pqco_sift1m_M32_correct.bin...
  PQ params: N=1000000, M=32, nbits=8, dim=128, dsub=4, ksub=256
  [UpperPQ] Freed 63001 exact vectors (30MB) — using PQ ADC instead
  PQ codebook: 0 MB
  PQ codes: 30 MB (1000000 x 32 bytes)
  PQ enabled: ADC distance will be used for Layer 0
RSS after init: 157 MB
[FineRerank] buffered mode (page cache + disk, recommended)
[FineRerank] slot table built: 7937 blocks, 598.463 ms
Round   1: QPS=    670.0  recall=95.85%  cum_unique=1000
Round   2: QPS=   1305.4  recall=96.12%  cum_unique=1914
Round   3: QPS=   1323.7  recall=95.80%  cum_unique=2714
Round   4: QPS=   1464.1  recall=95.84%  cum_unique=3434
Round   5: QPS=   1509.5  recall=96.17%  cum_unique=4081
Round   6: QPS=   1514.7  recall=96.17%  cum_unique=4675
Round   7: QPS=   1600.5  recall=95.70%  cum_unique=5220
Round   8: QPS=   1619.1  recall=95.91%  cum_unique=5696
Round   9: QPS=   1660.5  recall=96.53%  cum_unique=6116
Round  10: QPS=   1658.0  recall=95.88%  cum_unique=6494
Round  11: QPS=   1644.2  recall=95.83%  cum_unique=6837
Round  12: QPS=   1646.2  recall=95.53%  cum_unique=7145
Round  13: QPS=   1686.7  recall=96.18%  cum_unique=7439
Round  14: QPS=   1682.8  recall=96.21%  cum_unique=7701
Round  15: QPS=   1697.1  recall=96.29%  cum_unique=7942

=== Aggregate ===
Total queries: 15000
Total time:    10.460 s
QPS:           1434.1
Recall@10:     96.00%
Cumulative unique queries: 7942 / 10000
Hit%:          0.00
RSS:           324 MB

=== Cache saturation ===
Round 1 QPS:   670.0
Round 15 QPS:  1697.1
Ramp-up:       153.3%

CSV_HEADER,round,queries,seconds,qps,recall,cum_unique
CSV_ROW,1,1000,1.492599,670.0,95.85,1000
CSV_ROW,2,1000,0.766066,1305.4,96.12,1914
CSV_ROW,3,1000,0.755455,1323.7,95.80,2714
CSV_ROW,4,1000,0.683025,1464.1,95.84,3434
CSV_ROW,5,1000,0.662487,1509.5,96.17,4081
CSV_ROW,6,1000,0.660207,1514.7,96.17,4675
CSV_ROW,7,1000,0.624798,1600.5,95.70,5220
CSV_ROW,8,1000,0.617621,1619.1,95.91,5696
CSV_ROW,9,1000,0.602246,1660.5,96.53,6116
CSV_ROW,10,1000,0.603144,1658.0,95.88,6494
CSV_ROW,11,1000,0.608186,1644.2,95.83,6837
CSV_ROW,12,1000,0.607477,1646.2,95.53,7145
CSV_ROW,13,1000,0.592883,1686.7,96.18,7439
CSV_ROW,14,1000,0.594245,1682.8,96.21,7701
CSV_ROW,15,1000,0.589230,1697.1,96.29,7942
CSV_AGG,15,15000,10.459670,1434.1,96.00,7942,1697.1
[Prefetch Accuracy] useful=0 wasted=0 total_prefetched_settled=0 accuracy=0%
terminate called without an active exception
bash: line 21: 117865 Aborted                 (core dumped) build/benchmark_sustained output/sift1m_graph.bin output/sift1m_bfs.bin output/sift1m_blocks_64k.bin output/sift1m_route_64k.bin data/sift_base.fvecs data/sift_query_official10k.fvecs data/sift_groundtruth_official.ivecs 10 100 --rounds 15 --per-round 1000 --seed 42 --verbose
