[cgroup_utils] 版本: v2 | 路径: /sys/fs/cgroup/sqb_hv_vamana_a1_0_512_16_1000 | 限制: 512MB
=== Sustained Query Benchmark (BEH-035) ===
Pool: 10000 queries (dim=128) | GT: 10000x100
Rounds: 15 | Per-round: 1000 | Seed: 42
k=10, ef=100
Cache: 64MB (1024 slots, 12.1% coverage)
Mode: CONCURRENT (threads=16)
[BfsLayoutProvider] Loaded route table: 1000000 entries, 8431 blocks
[BlockCache] Initialized: block_size=65536, num_blocks=8431, cache_slots=1024, dim=128, layout=bfs, policy=lru, io_mode=direct
[BlockCache] Flat vec cache: 325139 slots, 162569 KB, entry_size=512
[BlockCache] Flat block cache: 4096 slots, 32 KB
[DiskHNSW] Loading graph structure (slim) from poc/hierarchical-vamana/output/sift1m_graph.bin...
  [slim+adj] Loading vectors for 62778 upper-layer nodes (30MB, skipping 488MB)
  [slim+adj] Loaded L0 adjacency: 13514675 edges (51MB)
  [slim+adj] Loaded graph structure from poc/hierarchical-vamana/output/sift1m_graph.bin (1000000 nodes, 62778 upper, 13514675 edges)
[DiskHNSW] Graph: 1000000 nodes, dim=128, max_level=4, entry_point=18691
[DiskHNSW] Loading BFS order from poc/hierarchical-vamana/output/sift1m_bfs.bin...
[DiskHNSW] BFS mapping loaded: 1000000 entries
  [CSR] Built compressed adjacency: 13514675 edges, compact=30MB + offsets=3MB = 33MB (raw would be 55MB, 1.7x compression)
[DiskHNSW] BlockCache (pluggable) initialized
[GraphPrefetcher] Initialized: ring_size=512, block_size=65536, odirect=yes, fd=3
[DiskHNSW] Graph-guided prefetch enabled (io_uring, odirect=yes)
[DiskHNSW] Loading PQ codes from output/pqco_sift1m_M32_correct.bin...
  PQ params: N=1000000, M=32, nbits=8, dim=128, dsub=4, ksub=256
  [UpperPQ] Freed 62778 exact vectors (30MB) — using PQ ADC instead
  PQ codebook: 0 MB
  PQ codes: 30 MB (1000000 x 32 bytes)
  PQ enabled: ADC distance will be used for Layer 0
RSS after init: 142 MB
[FineRerank] buffered mode (page cache + disk, recommended)
[FineRerank] slot table built: 7937 blocks, 402.9 ms
Round   1: QPS=   1625.7  recall=90.62%  cum_unique=1000
Round   2: QPS=   6485.3  recall=91.83%  cum_unique=1914
Round   3: QPS=   7305.1  recall=90.92%  cum_unique=2714
Round   4: QPS=   8118.7  recall=91.26%  cum_unique=3434
Round   5: QPS=   8864.0  recall=91.14%  cum_unique=4081
Round   6: QPS=   9482.4  recall=91.81%  cum_unique=4675
Round   7: QPS=   9571.1  recall=91.63%  cum_unique=5220
Round   8: QPS=  10042.5  recall=91.44%  cum_unique=5696
Round   9: QPS=  10114.9  recall=91.75%  cum_unique=6116
Round  10: QPS=  10344.5  recall=91.42%  cum_unique=6494
Round  11: QPS=  10462.6  recall=91.16%  cum_unique=6837
Round  12: QPS=  10902.1  recall=91.47%  cum_unique=7145
Round  13: QPS=  10888.9  recall=92.20%  cum_unique=7439
Round  14: QPS=  11268.6  recall=91.27%  cum_unique=7701
Round  15: QPS=  11205.9  recall=91.60%  cum_unique=7942

=== Aggregate ===
Total queries: 15000
Total time:    2.104 s
QPS:           7128.0
Recall@10:     91.43%
Cumulative unique queries: 7942 / 10000
Hit%:          0.00
RSS:           338 MB

=== Cache saturation ===
Round 1 QPS:   1625.7
Round 15 QPS:  11205.9
Ramp-up:       589.3%

CSV_HEADER,round,queries,seconds,qps,recall,cum_unique
CSV_ROW,1,1000,0.615130,1625.7,90.62,1000
CSV_ROW,2,1000,0.154194,6485.3,91.83,1914
CSV_ROW,3,1000,0.136891,7305.1,90.92,2714
CSV_ROW,4,1000,0.123172,8118.7,91.26,3434
CSV_ROW,5,1000,0.112815,8864.0,91.14,4081
CSV_ROW,6,1000,0.105458,9482.4,91.81,4675
CSV_ROW,7,1000,0.104481,9571.1,91.63,5220
CSV_ROW,8,1000,0.099577,10042.5,91.44,5696
CSV_ROW,9,1000,0.098864,10114.9,91.75,6116
CSV_ROW,10,1000,0.096670,10344.5,91.42,6494
CSV_ROW,11,1000,0.095578,10462.6,91.16,6837
CSV_ROW,12,1000,0.091726,10902.1,91.47,7145
CSV_ROW,13,1000,0.091836,10888.9,92.20,7439
CSV_ROW,14,1000,0.088742,11268.6,91.27,7701
CSV_ROW,15,1000,0.089239,11205.9,91.60,7942
CSV_AGG,15,15000,2.104374,7128.0,91.43,7942,11205.9
[Prefetch Accuracy] useful=0 wasted=0 total_prefetched_settled=0 accuracy=0%
terminate called without an active exception
bash: line 15: 52277 Aborted                 (core dumped) build/benchmark_sustained poc/hierarchical-vamana/output/sift1m_graph.bin poc/hierarchical-vamana/output/sift1m_bfs.bin poc/hierarchical-vamana/output/sift1m_blocks_64k.bin poc/hierarchical-vamana/output/sift1m_route_64k.bin data/sift_base.fvecs data/sift_query_official10k.fvecs data/sift_groundtruth_official.ivecs 10 100 --rounds 15 --per-round 1000 --seed 42 --verbose
