[cgroup_utils] 版本: v2 | 路径: /sys/fs/cgroup/sqb_hv_vamana_a1_2_512_16_1000 | 限制: 512MB
=== Sustained Query Benchmark (BEH-035) ===
Pool: 10000 queries (dim=128) | GT: 10000x100
Rounds: 15 | Per-round: 1000 | Seed: 42
k=10, ef=100
Cache: 64MB (1024 slots, 11.5% coverage)
Mode: CONCURRENT (threads=16)
[BfsLayoutProvider] Loaded route table: 1000000 entries, 8940 blocks
[BlockCache] Initialized: block_size=65536, num_blocks=8940, cache_slots=1024, dim=128, layout=bfs, policy=lru, io_mode=direct
[BlockCache] Flat vec cache: 325139 slots, 162569 KB, entry_size=512
[BlockCache] Flat block cache: 4096 slots, 32 KB
[DiskHNSW] Loading graph structure (slim) from poc/hierarchical-vamana/output/sift1m_graph.bin...
  [slim+adj] Loading vectors for 62778 upper-layer nodes (30MB, skipping 488MB)
  [slim+adj] Loaded L0 adjacency: 29638786 edges (113MB)
  [slim+adj] Loaded graph structure from poc/hierarchical-vamana/output/sift1m_graph.bin (1000000 nodes, 62778 upper, 29638786 edges)
[DiskHNSW] Graph: 1000000 nodes, dim=128, max_level=4, entry_point=18691
[DiskHNSW] Loading BFS order from poc/hierarchical-vamana/output/sift1m_bfs.bin...
[DiskHNSW] BFS mapping loaded: 1000000 entries
  [CSR] Built compressed adjacency: 29638786 edges, compact=62MB + offsets=3MB = 65MB (raw would be 116MB, 1.8x compression)
[DiskHNSW] BlockCache (pluggable) initialized
[GraphPrefetcher] Initialized: ring_size=512, block_size=65536, odirect=yes, fd=3
[DiskHNSW] Graph-guided prefetch enabled (io_uring, odirect=yes)
[DiskHNSW] Loading PQ codes from output/pqco_sift1m_M32_correct.bin...
  PQ params: N=1000000, M=32, nbits=8, dim=128, dsub=4, ksub=256
  [UpperPQ] Freed 62778 exact vectors (30MB) — using PQ ADC instead
  PQ codebook: 0 MB
  PQ codes: 30 MB (1000000 x 32 bytes)
  PQ enabled: ADC distance will be used for Layer 0
RSS after init: 175 MB
[FineRerank] buffered mode (page cache + disk, recommended)
[FineRerank] slot table built: 7937 blocks, 487.243 ms
Round   1: QPS=   1365.9  recall=97.74%  cum_unique=1000
Round   2: QPS=   5605.5  recall=98.14%  cum_unique=1914
Round   3: QPS=   6142.3  recall=98.10%  cum_unique=2714
Round   4: QPS=   7140.3  recall=98.07%  cum_unique=3434
Round   5: QPS=   7670.5  recall=98.02%  cum_unique=4081
Round   6: QPS=   8029.6  recall=98.07%  cum_unique=4675
Round   7: QPS=   8496.8  recall=98.00%  cum_unique=5220
Round   8: QPS=   8068.6  recall=97.67%  cum_unique=5696
Round   9: QPS=   8872.7  recall=98.37%  cum_unique=6116
Round  10: QPS=   8623.1  recall=97.95%  cum_unique=6494
Round  11: QPS=   8839.1  recall=97.97%  cum_unique=6837
Round  12: QPS=   9490.1  recall=97.76%  cum_unique=7145
Round  13: QPS=   9323.7  recall=98.01%  cum_unique=7439
Round  14: QPS=   9473.8  recall=97.94%  cum_unique=7701
Round  15: QPS=   9214.9  recall=98.13%  cum_unique=7942

=== Aggregate ===
Total queries: 15000
Total time:    2.478 s
QPS:           6052.2
Recall@10:     98.00%
Cumulative unique queries: 7942 / 10000
Hit%:          0.00
RSS:           371 MB

=== Cache saturation ===
Round 1 QPS:   1365.9
Round 15 QPS:  9214.9
Ramp-up:       574.6%

CSV_HEADER,round,queries,seconds,qps,recall,cum_unique
CSV_ROW,1,1000,0.732129,1365.9,97.74,1000
CSV_ROW,2,1000,0.178397,5605.5,98.14,1914
CSV_ROW,3,1000,0.162804,6142.3,98.10,2714
CSV_ROW,4,1000,0.140051,7140.3,98.07,3434
CSV_ROW,5,1000,0.130370,7670.5,98.02,4081
CSV_ROW,6,1000,0.124539,8029.6,98.07,4675
CSV_ROW,7,1000,0.117691,8496.8,98.00,5220
CSV_ROW,8,1000,0.123937,8068.6,97.67,5696
CSV_ROW,9,1000,0.112705,8872.7,98.37,6116
CSV_ROW,10,1000,0.115967,8623.1,97.95,6494
CSV_ROW,11,1000,0.113134,8839.1,97.97,6837
CSV_ROW,12,1000,0.105373,9490.1,97.76,7145
CSV_ROW,13,1000,0.107253,9323.7,98.01,7439
CSV_ROW,14,1000,0.105555,9473.8,97.94,7701
CSV_ROW,15,1000,0.108520,9214.9,98.13,7942
CSV_AGG,15,15000,2.478426,6052.2,98.00,7942,9214.9
[Prefetch Accuracy] useful=0 wasted=0 total_prefetched_settled=0 accuracy=0%
terminate called without an active exception
bash: line 15: 53663 Aborted                 (core dumped) build/benchmark_sustained poc/hierarchical-vamana/output/sift1m_graph.bin poc/hierarchical-vamana/output/sift1m_bfs.bin poc/hierarchical-vamana/output/sift1m_blocks_64k.bin poc/hierarchical-vamana/output/sift1m_route_64k.bin data/sift_base.fvecs data/sift_query_official10k.fvecs data/sift_groundtruth_official.ivecs 10 100 --rounds 15 --per-round 1000 --seed 42 --verbose
