=== Sustained Query Benchmark (BEH-035) ===
Pool: 10000 queries (dim=128) | GT: 10000x100
Rounds: 15 | Per-round: 1000 | Seed: 42
k=10, ef=80
Cache: 64MB (1024 slots, 11.8% coverage)
Mode: CONCURRENT (threads=4)
[BfsLayoutProvider] Loaded route table: 1000000 entries, 8658 blocks
[BlockCache] Initialized: block_size=65536, num_blocks=8658, cache_slots=1024, dim=128, layout=bfs, policy=lru, io_mode=direct
[BlockCache] Flat vec cache: 130055 slots, 65027 KB, entry_size=512
[BlockCache] Flat block cache: 4096 slots, 32 KB
[DiskHNSW] Loading graph structure (slim) from output/sift1m_m16/sift1m_m16_graph.bin...
  [slim+adj] Loading vectors for 63002 upper-layer nodes (30MB, skipping 488MB)
  [slim+adj] Loaded L0 adjacency: 21208186 edges (80MB)
  [slim+adj] Loaded graph structure from output/sift1m_m16/sift1m_m16_graph.bin (1000000 nodes, 63002 upper, 21208186 edges)
[DiskHNSW] Graph: 1000000 nodes, dim=128, max_level=5, entry_point=572119
[DiskHNSW] Loading BFS order from output/sift1m_m16/sift1m_m16_bfs.bin...
[DiskHNSW] BFS mapping loaded: 1000000 entries
  [CSR] Built compressed adjacency: 21208186 edges, compact=44MB + offsets=3MB = 47MB (raw would be 84MB, 1.8x compression)
[DiskHNSW] BlockCache (pluggable) initialized
[GraphPrefetcher] Initialized: ring_size=512, block_size=65536, odirect=yes, fd=3
[DiskHNSW] Graph-guided prefetch enabled (io_uring, odirect=yes)
[DiskHNSW] Loading PQ codes from output/pqco_sift1m_M32_correct.bin...
  PQ params: N=1000000, M=32, nbits=8, dim=128, dsub=4, ksub=256
  [UpperPQ] Freed 63002 exact vectors (30MB) — using PQ ADC instead
  PQ codebook: 0 MB
  PQ codes: 30 MB (1000000 x 32 bytes)
  PQ enabled: ADC distance will be used for Layer 0
RSS after init: 134 MB
[FineRerank] buffered mode (page cache + disk, recommended)
[FineRerank] slot table built: 7937 blocks, 596.24 ms

=== Aggregate ===
Total queries: 15000
Total time:    5.533 s
QPS:           2711.2
Recall@10:     96.79%
Cumulative unique queries: 7942 / 10000
Hit%:          0.00
RSS:           235 MB

=== Cache saturation ===
Round 1 QPS:   962.2
Round 15 QPS:  3221.0
Ramp-up:       234.8%

CSV_HEADER,round,queries,seconds,qps,recall,cum_unique
CSV_ROW,1,1000,1.039317,962.2,96.71,1000
CSV_ROW,2,1000,0.363026,2754.6,96.98,1914
CSV_ROW,3,1000,0.346302,2887.7,96.58,2714
CSV_ROW,4,1000,0.320021,3124.8,97.07,3434
CSV_ROW,5,1000,0.322296,3102.7,96.88,4081
CSV_ROW,6,1000,0.314770,3176.9,96.70,4675
CSV_ROW,7,1000,0.317682,3147.8,96.78,5220
CSV_ROW,8,1000,0.311687,3208.3,96.48,5696
CSV_ROW,9,1000,0.316110,3163.5,97.23,6116
CSV_ROW,10,1000,0.315402,3170.6,96.95,6494
CSV_ROW,11,1000,0.313630,3188.5,96.82,6837
CSV_ROW,12,1000,0.314795,3176.7,96.27,7145
CSV_ROW,13,1000,0.311854,3206.6,96.96,7439
CSV_ROW,14,1000,0.315230,3172.3,96.76,7701
CSV_ROW,15,1000,0.310459,3221.0,96.66,7942
CSV_AGG,15,15000,5.532582,2711.2,96.79,7942,3221.0
[Prefetch Accuracy] useful=0 wasted=0 total_prefetched_settled=0 accuracy=0%
terminate called without an active exception
anon_bytes:           0
file_bytes:           0
total_bytes:          0
peak_bytes:           268435456
limit_bytes:          268435456
violations:           0
workingset_refault:   751476
pgmajfault:           16223
pgfault:              162214
slab_bytes:           0
--- memory.events ---
oom 0
oom_kill 0
