=== Sustained Query Benchmark (BEH-035) ===
Pool: 10000 queries (dim=128) | GT: 10000x100
Rounds: 15 | Per-round: 1000 | Seed: 42
k=10, ef=65
Cache: 64MB (1024 slots, 11.8% coverage)
Mode: CONCURRENT (threads=1)
[BfsLayoutProvider] Loaded route table: 1000000 entries, 8658 blocks
[BlockCache] Initialized: block_size=65536, num_blocks=8658, cache_slots=1024, dim=128, layout=bfs, policy=lru, io_mode=direct
[BlockCache] Flat vec cache: 130055 slots, 65027 KB, entry_size=512
[BlockCache] Flat block cache: 4096 slots, 32 KB
[DiskHNSW] Loading graph structure (slim) from output/sift1m_m16/sift1m_m16_graph.bin...
  [slim+adj] Loading vectors for 63002 upper-layer nodes (30MB, skipping 488MB)
  [slim+adj] Loaded L0 adjacency: 21208186 edges (80MB)
  [slim+adj] Loaded graph structure from output/sift1m_m16/sift1m_m16_graph.bin (1000000 nodes, 63002 upper, 21208186 edges)
[DiskHNSW] Graph: 1000000 nodes, dim=128, max_level=5, entry_point=572119
[DiskHNSW] Loading BFS order from output/sift1m_m16/sift1m_m16_bfs.bin...
[DiskHNSW] BFS mapping loaded: 1000000 entries
  [CSR] Built compressed adjacency: 21208186 edges, compact=44MB + offsets=3MB = 47MB (raw would be 84MB, 1.8x compression)
[DiskHNSW] BlockCache (pluggable) initialized
[GraphPrefetcher] Initialized: ring_size=512, block_size=65536, odirect=yes, fd=3
[DiskHNSW] Graph-guided prefetch enabled (io_uring, odirect=yes)
[DiskHNSW] Loading PQ codes from output/pqco_sift1m_M32_correct.bin...
  PQ params: N=1000000, M=32, nbits=8, dim=128, dsub=4, ksub=256
  [UpperPQ] Freed 63002 exact vectors (30MB) — using PQ ADC instead
  PQ codebook: 0 MB
  PQ codes: 30 MB (1000000 x 32 bytes)
  PQ enabled: ADC distance will be used for Layer 0
RSS after init: 135 MB
[FineRerank] buffered mode (page cache + disk, recommended)
[FineRerank] slot table built: 7937 blocks, 600.616 ms

=== Aggregate ===
Total queries: 15000
Total time:    10.262 s
QPS:           1461.7
Recall@10:     95.52%
Cumulative unique queries: 7942 / 10000
Hit%:          0.00
RSS:           229 MB

=== Cache saturation ===
Round 1 QPS:   704.0
Round 15 QPS:  1605.8
Ramp-up:       128.1%

CSV_HEADER,round,queries,seconds,qps,recall,cum_unique
CSV_ROW,1,1000,1.420357,704.0,95.34,1000
CSV_ROW,2,1000,0.684656,1460.6,95.68,1914
CSV_ROW,3,1000,0.654727,1527.4,95.35,2714
CSV_ROW,4,1000,0.648344,1542.4,95.66,3434
CSV_ROW,5,1000,0.644104,1552.5,95.55,4081
CSV_ROW,6,1000,0.622638,1606.1,95.39,4675
CSV_ROW,7,1000,0.618736,1616.2,95.69,5220
CSV_ROW,8,1000,0.621531,1608.9,95.00,5696
CSV_ROW,9,1000,0.605405,1651.8,95.78,6116
CSV_ROW,10,1000,0.621825,1608.2,95.79,6494
CSV_ROW,11,1000,0.621979,1607.8,95.61,6837
CSV_ROW,12,1000,0.610523,1637.9,94.99,7145
CSV_ROW,13,1000,0.631642,1583.2,95.95,7439
CSV_ROW,14,1000,0.632547,1580.9,95.56,7701
CSV_ROW,15,1000,0.622747,1605.8,95.46,7942
CSV_AGG,15,15000,10.261760,1461.7,95.52,7942,1605.8
[Prefetch Accuracy] useful=0 wasted=0 total_prefetched_settled=0 accuracy=0%
terminate called without an active exception
anon_bytes:           724992
file_bytes:           29413376
total_bytes:          32624640
peak_bytes:           268435456
limit_bytes:          268435456
violations:           0
workingset_refault:   571333
pgmajfault:           7919
pgfault:              139307
slab_bytes:           1973264
--- memory.events ---
oom 0
oom_kill 0
