=== Sustained Query Benchmark (BEH-035) ===
Pool: 10000 queries (dim=128) | GT: 10000x100
Rounds: 15 | Per-round: 1000 | Seed: 42
k=10, ef=60
Cache: 64MB (1024 slots, 11.8% coverage)
Mode: CONCURRENT (threads=16)
[BfsLayoutProvider] Loaded route table: 1000000 entries, 8658 blocks
[BlockCache] Initialized: block_size=65536, num_blocks=8658, cache_slots=1024, dim=128, layout=bfs, policy=lru, io_mode=direct
[BlockCache] Flat vec cache: 130055 slots, 65027 KB, entry_size=512
[BlockCache] Flat block cache: 4096 slots, 32 KB
[DiskHNSW] Loading graph structure (slim) from output/sift1m_m16/sift1m_m16_graph.bin...
  [slim+adj] Loading vectors for 63002 upper-layer nodes (30MB, skipping 488MB)
  [slim+adj] Loaded L0 adjacency: 21208186 edges (80MB)
  [slim+adj] Loaded graph structure from output/sift1m_m16/sift1m_m16_graph.bin (1000000 nodes, 63002 upper, 21208186 edges)
[DiskHNSW] Graph: 1000000 nodes, dim=128, max_level=5, entry_point=572119
[DiskHNSW] Loading BFS order from output/sift1m_m16/sift1m_m16_bfs.bin...
[DiskHNSW] BFS mapping loaded: 1000000 entries
  [CSR] Built compressed adjacency: 21208186 edges, compact=44MB + offsets=3MB = 47MB (raw would be 84MB, 1.8x compression)
[DiskHNSW] BlockCache (pluggable) initialized
[GraphPrefetcher] Initialized: ring_size=512, block_size=65536, odirect=yes, fd=3
[DiskHNSW] Graph-guided prefetch enabled (io_uring, odirect=yes)
[DiskHNSW] Loading PQ codes from output/pqco_sift1m_M32_correct.bin...
  PQ params: N=1000000, M=32, nbits=8, dim=128, dsub=4, ksub=256
  [UpperPQ] Freed 63002 exact vectors (30MB) — using PQ ADC instead
  PQ codebook: 0 MB
  PQ codes: 30 MB (1000000 x 32 bytes)
  PQ enabled: ADC distance will be used for Layer 0
RSS after init: 134 MB
[FineRerank] buffered mode (page cache + disk, recommended)
[FineRerank] slot table built: 7937 blocks, 603.43 ms

=== Aggregate ===
Total queries: 15000
Total time:    4.384 s
QPS:           3421.4
Recall@10:     94.94%
Cumulative unique queries: 7942 / 10000
Hit%:          0.00
RSS:           244 MB

=== Cache saturation ===
Round 1 QPS:   1079.0
Round 15 QPS:  4725.1
Ramp-up:       337.9%

CSV_HEADER,round,queries,seconds,qps,recall,cum_unique
CSV_ROW,1,1000,0.926809,1079.0,94.69,1000
CSV_ROW,2,1000,0.286231,3493.7,95.04,1914
CSV_ROW,3,1000,0.267349,3740.4,94.58,2714
CSV_ROW,4,1000,0.253149,3950.2,95.13,3434
CSV_ROW,5,1000,0.240365,4160.3,94.93,4081
CSV_ROW,6,1000,0.229976,4348.3,94.65,4675
CSV_ROW,7,1000,0.236437,4229.5,95.24,5220
CSV_ROW,8,1000,0.231604,4317.7,94.48,5696
CSV_ROW,9,1000,0.230105,4345.8,95.21,6116
CSV_ROW,10,1000,0.237121,4217.3,95.33,6494
CSV_ROW,11,1000,0.244921,4083.0,95.04,6837
CSV_ROW,12,1000,0.345217,2896.7,94.51,7145
CSV_ROW,13,1000,0.219604,4553.7,95.44,7439
CSV_ROW,14,1000,0.223613,4472.0,94.94,7701
CSV_ROW,15,1000,0.211634,4725.1,94.94,7942
CSV_AGG,15,15000,4.384135,3421.4,94.94,7942,4725.1
[Prefetch Accuracy] useful=0 wasted=0 total_prefetched_settled=0 accuracy=0%
terminate called without an active exception
anon_bytes:           0
file_bytes:           0
total_bytes:          0
peak_bytes:           268435456
limit_bytes:          268435456
violations:           0
workingset_refault:   553955
pgmajfault:           36174
pgfault:              193733
slab_bytes:           0
--- memory.events ---
oom 0
oom_kill 0
