=== Sustained Query Benchmark (BEH-035) ===
Pool: 10000 queries (dim=128) | GT: 10000x100
Rounds: 15 | Per-round: 1000 | Seed: 42
k=10, ef=65
Cache: 64MB (1024 slots, 11.8% coverage)
Mode: CONCURRENT (threads=16)
[BfsLayoutProvider] Loaded route table: 1000000 entries, 8658 blocks
[BlockCache] Initialized: block_size=65536, num_blocks=8658, cache_slots=1024, dim=128, layout=bfs, policy=lru, io_mode=direct
[BlockCache] Flat vec cache: 130055 slots, 65027 KB, entry_size=512
[BlockCache] Flat block cache: 4096 slots, 32 KB
[DiskHNSW] Loading graph structure (slim) from output/sift1m_m16/sift1m_m16_graph.bin...
  [slim+adj] Loading vectors for 63002 upper-layer nodes (30MB, skipping 488MB)
  [slim+adj] Loaded L0 adjacency: 21208186 edges (80MB)
  [slim+adj] Loaded graph structure from output/sift1m_m16/sift1m_m16_graph.bin (1000000 nodes, 63002 upper, 21208186 edges)
[DiskHNSW] Graph: 1000000 nodes, dim=128, max_level=5, entry_point=572119
[DiskHNSW] Loading BFS order from output/sift1m_m16/sift1m_m16_bfs.bin...
[DiskHNSW] BFS mapping loaded: 1000000 entries
  [CSR] Built compressed adjacency: 21208186 edges, compact=44MB + offsets=3MB = 47MB (raw would be 84MB, 1.8x compression)
[DiskHNSW] BlockCache (pluggable) initialized
[GraphPrefetcher] Initialized: ring_size=512, block_size=65536, odirect=yes, fd=3
[DiskHNSW] Graph-guided prefetch enabled (io_uring, odirect=yes)
[DiskHNSW] Loading PQ codes from output/pqco_sift1m_M32_correct.bin...
  PQ params: N=1000000, M=32, nbits=8, dim=128, dsub=4, ksub=256
  [UpperPQ] Freed 63002 exact vectors (30MB) — using PQ ADC instead
  PQ codebook: 0 MB
  PQ codes: 30 MB (1000000 x 32 bytes)
  PQ enabled: ADC distance will be used for Layer 0
RSS after init: 135 MB
[FineRerank] buffered mode (page cache + disk, recommended)
[FineRerank] slot table built: 7937 blocks, 618.705 ms

=== Aggregate ===
Total queries: 15000
Total time:    4.645 s
QPS:           3229.3
Recall@10:     95.52%
Cumulative unique queries: 7942 / 10000
Hit%:          0.00
RSS:           249 MB

=== Cache saturation ===
Round 1 QPS:   1027.4
Round 15 QPS:  4053.2
Ramp-up:       294.5%

CSV_HEADER,round,queries,seconds,qps,recall,cum_unique
CSV_ROW,1,1000,0.973314,1027.4,95.34,1000
CSV_ROW,2,1000,0.314397,3180.7,95.68,1914
CSV_ROW,3,1000,0.293495,3407.2,95.35,2714
CSV_ROW,4,1000,0.285831,3498.6,95.66,3434
CSV_ROW,5,1000,0.263004,3802.2,95.55,4081
CSV_ROW,6,1000,0.254650,3927.0,95.39,4675
CSV_ROW,7,1000,0.252070,3967.1,95.69,5220
CSV_ROW,8,1000,0.253760,3940.7,95.00,5696
CSV_ROW,9,1000,0.247901,4033.9,95.78,6116
CSV_ROW,10,1000,0.253980,3937.3,95.78,6494
CSV_ROW,11,1000,0.253739,3941.1,95.61,6837
CSV_ROW,12,1000,0.245211,4078.1,94.99,7145
CSV_ROW,13,1000,0.250913,3985.5,95.95,7439
CSV_ROW,14,1000,0.255947,3907.1,95.56,7701
CSV_ROW,15,1000,0.246718,4053.2,95.46,7942
CSV_AGG,15,15000,4.644930,3229.3,95.52,7942,4053.2
[Prefetch Accuracy] useful=0 wasted=0 total_prefetched_settled=0 accuracy=0%
terminate called without an active exception
anon_bytes:           724992
file_bytes:           6901760
total_bytes:          12124160
peak_bytes:           268435456
limit_bytes:          268435456
violations:           0
workingset_refault:   609375
pgmajfault:           11045
pgfault:              150038
slab_bytes:           2877824
--- memory.events ---
oom 0
oom_kill 0
