=== Sustained Query Benchmark (BEH-035) ===
Pool: 10000 queries (dim=128) | GT: 10000x100
Rounds: 15 | Per-round: 1000 | Seed: 42
k=10, ef=60
Cache: 64MB (1024 slots, 11.6% coverage)
Mode: CONCURRENT (threads=16)
[BfsLayoutProvider] Loaded route table: 1000000 entries, 8812 blocks
[BlockCache] Initialized: block_size=65536, num_blocks=8812, cache_slots=1024, dim=128, layout=bfs, policy=lru, io_mode=direct
[BlockCache] Flat vec cache: 130055 slots, 65027 KB, entry_size=512
[BlockCache] Flat block cache: 4096 slots, 32 KB
[DiskHNSW] Loading graph structure (slim) from output/sift1m_m24/sift1m_m24_graph.bin...
  [slim+adj] Loading vectors for 42294 upper-layer nodes (20MB, skipping 488MB)
  [slim+adj] Loaded L0 adjacency: 26609131 edges (101MB)
  [slim+adj] Loaded graph structure from output/sift1m_m24/sift1m_m24_graph.bin (1000000 nodes, 42294 upper, 26609131 edges)
[DiskHNSW] Graph: 1000000 nodes, dim=128, max_level=4, entry_point=572119
[DiskHNSW] Loading BFS order from output/sift1m_m24/sift1m_m24_bfs.bin...
[DiskHNSW] BFS mapping loaded: 1000000 entries
  [CSR] Built compressed adjacency: 26609131 edges, compact=54MB + offsets=3MB = 57MB (raw would be 105MB, 1.8x compression)
[DiskHNSW] BlockCache (pluggable) initialized
[GraphPrefetcher] Initialized: ring_size=512, block_size=65536, odirect=yes, fd=3
[DiskHNSW] Graph-guided prefetch enabled (io_uring, odirect=yes)
[DiskHNSW] Loading PQ codes from output/pqco_sift1m_M32_correct.bin...
  PQ params: N=1000000, M=32, nbits=8, dim=128, dsub=4, ksub=256
  [UpperPQ] Freed 42294 exact vectors (20MB) — using PQ ADC instead
  PQ codebook: 0 MB
  PQ codes: 30 MB (1000000 x 32 bytes)
  PQ enabled: ADC distance will be used for Layer 0
RSS after init: 136 MB
[FineRerank] buffered mode (page cache + disk, recommended)
[FineRerank] slot table built: 7937 blocks, 607.464 ms

=== Aggregate ===
Total queries: 15000
Total time:    4.321 s
QPS:           3471.3
Recall@10:     96.60%
Cumulative unique queries: 7942 / 10000
Hit%:          0.00
RSS:           249 MB

=== Cache saturation ===
Round 1 QPS:   1091.4
Round 15 QPS:  4681.9
Ramp-up:       329.0%

CSV_HEADER,round,queries,seconds,qps,recall,cum_unique
CSV_ROW,1,1000,0.916269,1091.4,96.49,1000
CSV_ROW,2,1000,0.288075,3471.3,96.53,1914
CSV_ROW,3,1000,0.382121,2617.0,96.33,2714
CSV_ROW,4,1000,0.265043,3773.0,96.69,3434
CSV_ROW,5,1000,0.230110,4345.7,96.63,4081
CSV_ROW,6,1000,0.231154,4326.1,96.37,4675
CSV_ROW,7,1000,0.217819,4591.0,96.75,5220
CSV_ROW,8,1000,0.219473,4556.4,96.22,5696
CSV_ROW,9,1000,0.223881,4466.7,97.04,6116
CSV_ROW,10,1000,0.213839,4676.4,96.73,6494
CSV_ROW,11,1000,0.221243,4519.9,96.94,6837
CSV_ROW,12,1000,0.222011,4504.3,96.11,7145
CSV_ROW,13,1000,0.221200,4520.8,97.02,7439
CSV_ROW,14,1000,0.255341,3916.3,96.55,7701
CSV_ROW,15,1000,0.213591,4681.9,96.54,7942
CSV_AGG,15,15000,4.321169,3471.3,96.60,7942,4681.9
[Prefetch Accuracy] useful=0 wasted=0 total_prefetched_settled=0 accuracy=0%
terminate called without an active exception
anon_bytes:           0
file_bytes:           0
total_bytes:          0
peak_bytes:           268435456
limit_bytes:          268435456
violations:           0
workingset_refault:   750617
pgmajfault:           8161
pgfault:              143869
slab_bytes:           0
--- memory.events ---
oom 0
oom_kill 0
