=== Sustained Query Benchmark (BEH-035) ===
Pool: 10000 queries (dim=128) | GT: 10000x100
Rounds: 15 | Per-round: 1000 | Seed: 42
k=10, ef=60
Cache: 64MB (512 slots, 11.6% coverage)
Mode: CONCURRENT (threads=1)
[BfsLayoutProvider] Loaded route table: 1000000 entries, 4396 blocks
[BlockCache] Initialized: block_size=131072, num_blocks=4396, cache_slots=512, dim=128, layout=bfs, policy=lru, io_mode=direct
[BlockCache] Flat vec cache: 130055 slots, 65027 KB, entry_size=512
[BlockCache] Flat block cache: 2048 slots, 16 KB
[DiskHNSW] Loading graph structure (slim) from output/sift1m_m24/sift1m_m24_graph.bin...
  [slim+adj] Loading vectors for 42294 upper-layer nodes (20MB, skipping 488MB)
  [slim+adj] Loaded L0 adjacency: 26609131 edges (101MB)
  [slim+adj] Loaded graph structure from output/sift1m_m24/sift1m_m24_graph.bin (1000000 nodes, 42294 upper, 26609131 edges)
[DiskHNSW] Graph: 1000000 nodes, dim=128, max_level=4, entry_point=572119
[DiskHNSW] Loading BFS order from output/sift1m_m24/sift1m_m24_bfs.bin...
[DiskHNSW] BFS mapping loaded: 1000000 entries
  [CSR] Built compressed adjacency: 26609131 edges, compact=54MB + offsets=3MB = 57MB (raw would be 105MB, 1.8x compression)
[DiskHNSW] BlockCache (pluggable) initialized
[GraphPrefetcher] Initialized: ring_size=512, block_size=131072, odirect=yes, fd=3
[DiskHNSW] Graph-guided prefetch enabled (io_uring, odirect=yes)
[DiskHNSW] Loading PQ codes from output/pqco_sift1m_M32_correct.bin...
  PQ params: N=1000000, M=32, nbits=8, dim=128, dsub=4, ksub=256
  [UpperPQ] Freed 42294 exact vectors (20MB) — using PQ ADC instead
  PQ codebook: 0 MB
  PQ codes: 30 MB (1000000 x 32 bytes)
  PQ enabled: ADC distance will be used for Layer 0
RSS after init: 135 MB
[FineRerank] buffered mode (page cache + disk, recommended)
[FineRerank] slot table built: 3953 blocks, 306.16 ms

=== Aggregate ===
Total queries: 15000
Total time:    9.817 s
QPS:           1528.0
Recall@10:     96.60%
Cumulative unique queries: 7942 / 10000
Hit%:          0.00
RSS:           235 MB

=== Cache saturation ===
Round 1 QPS:   850.3
Round 15 QPS:  1670.3
Ramp-up:       96.5%

CSV_HEADER,round,queries,seconds,qps,recall,cum_unique
CSV_ROW,1,1000,1.176124,850.3,96.49,1000
CSV_ROW,2,1000,0.682569,1465.1,96.53,1914
CSV_ROW,3,1000,0.645579,1549.0,96.33,2714
CSV_ROW,4,1000,0.626862,1595.2,96.69,3434
CSV_ROW,5,1000,0.614649,1626.9,96.63,4081
CSV_ROW,6,1000,0.623849,1603.0,96.37,4675
CSV_ROW,7,1000,0.609040,1641.9,96.75,5220
CSV_ROW,8,1000,0.611932,1634.2,96.22,5696
CSV_ROW,9,1000,0.600715,1664.7,97.04,6116
CSV_ROW,10,1000,0.604743,1653.6,96.73,6494
CSV_ROW,11,1000,0.597975,1672.3,96.94,6837
CSV_ROW,12,1000,0.604175,1655.1,96.11,7145
CSV_ROW,13,1000,0.607497,1646.1,97.02,7439
CSV_ROW,14,1000,0.612458,1632.8,96.55,7701
CSV_ROW,15,1000,0.598682,1670.3,96.54,7942
CSV_AGG,15,15000,9.816849,1528.0,96.60,7942,1670.3
[Prefetch Accuracy] useful=0 wasted=0 total_prefetched_settled=0 accuracy=0%
terminate called without an active exception
anon_bytes:           0
file_bytes:           0
total_bytes:          0
peak_bytes:           9605120
limit_bytes:          268435456
violations:           0
workingset_refault:   0
pgmajfault:           18
pgfault:              62637
slab_bytes:           0
--- memory.events ---
oom 0
oom_kill 0
