=== Sustained Query Benchmark (BEH-035) ===
Pool: 10000 queries (dim=128) | GT: 10000x100
Rounds: 15 | Per-round: 1000 | Seed: 42
k=10, ef=60
Cache: 64MB (1024 slots, 11.6% coverage)
Mode: CONCURRENT (threads=1)
[BfsLayoutProvider] Loaded route table: 1000000 entries, 8812 blocks
[BlockCache] Initialized: block_size=65536, num_blocks=8812, cache_slots=1024, dim=128, layout=bfs, policy=lru, io_mode=direct
[BlockCache] Flat vec cache: 130055 slots, 65027 KB, entry_size=512
[BlockCache] Flat block cache: 4096 slots, 32 KB
[DiskHNSW] Loading graph structure (slim) from output/sift1m_m24/sift1m_m24_graph.bin...
  [slim+adj] Loading vectors for 42294 upper-layer nodes (20MB, skipping 488MB)
  [slim+adj] Loaded L0 adjacency: 26609131 edges (101MB)
  [slim+adj] Loaded graph structure from output/sift1m_m24/sift1m_m24_graph.bin (1000000 nodes, 42294 upper, 26609131 edges)
[DiskHNSW] Graph: 1000000 nodes, dim=128, max_level=4, entry_point=572119
[DiskHNSW] Loading BFS order from output/sift1m_m24/sift1m_m24_bfs.bin...
[DiskHNSW] BFS mapping loaded: 1000000 entries
  [CSR] Built compressed adjacency: 26609131 edges, compact=54MB + offsets=3MB = 57MB (raw would be 105MB, 1.8x compression)
[DiskHNSW] BlockCache (pluggable) initialized
[GraphPrefetcher] Initialized: ring_size=512, block_size=65536, odirect=yes, fd=3
[DiskHNSW] Graph-guided prefetch enabled (io_uring, odirect=yes)
[DiskHNSW] Loading PQ codes from output/pqco_sift1m_M16.bin...
  PQ params: N=1000000, M=16, nbits=8, dim=128, dsub=8, ksub=256
  [UpperPQ] Freed 42294 exact vectors (20MB) — using PQ ADC instead
  PQ codebook: 0 MB
  PQ codes: 15 MB (1000000 x 16 bytes)
  PQ enabled: ADC distance will be used for Layer 0
RSS after init: 164 MB
[FineRerank] buffered mode (page cache + disk, recommended)
[FineRerank] slot table built: 7937 blocks, 610.612 ms

=== Aggregate ===
Total queries: 15000
Total time:    5.710 s
QPS:           2627.0
Recall@10:     91.60%
Cumulative unique queries: 7942 / 10000
Hit%:          0.00
RSS:           237 MB

=== Cache saturation ===
Round 1 QPS:   815.1
Round 15 QPS:  3675.1
Ramp-up:       350.9%

CSV_HEADER,round,queries,seconds,qps,recall,cum_unique
CSV_ROW,1,1000,1.226787,815.1,91.37,1000
CSV_ROW,2,1000,0.461723,2165.8,91.51,1914
CSV_ROW,3,1000,0.396259,2523.6,91.58,2714
CSV_ROW,4,1000,0.344506,2902.7,92.23,3434
CSV_ROW,5,1000,0.339378,2946.6,91.83,4081
CSV_ROW,6,1000,0.342909,2916.2,91.28,4675
CSV_ROW,7,1000,0.326150,3066.1,92.12,5220
CSV_ROW,8,1000,0.299514,3338.7,91.48,5696
CSV_ROW,9,1000,0.297743,3358.6,91.96,6116
CSV_ROW,10,1000,0.286275,3493.1,91.85,6494
CSV_ROW,11,1000,0.282142,3544.3,91.14,6837
CSV_ROW,12,1000,0.277308,3606.1,90.99,7145
CSV_ROW,13,1000,0.281249,3555.6,91.64,7439
CSV_ROW,14,1000,0.275937,3624.0,91.55,7701
CSV_ROW,15,1000,0.272099,3675.1,91.52,7942
CSV_AGG,15,15000,5.709979,2627.0,91.60,7942,3675.1
[Prefetch Accuracy] useful=0 wasted=0 total_prefetched_settled=0 accuracy=0%
terminate called without an active exception
anon_bytes:           0
file_bytes:           0
total_bytes:          0
peak_bytes:           268435456
limit_bytes:          268435456
violations:           0
workingset_refault:   551810
pgmajfault:           46320
pgfault:              209882
slab_bytes:           0
--- memory.events ---
oom 0
oom_kill 0
