=== Sustained Query Benchmark (BEH-035) ===
Pool: 10000 queries (dim=128) | GT: 10000x100
Rounds: 15 | Per-round: 1000 | Seed: 42
k=10, ef=100
Cache: 64MB (1024 slots, 11.5% coverage)
Mode: CONCURRENT (threads=1)
[BfsLayoutProvider] Loaded route table: 1000000 entries, 8887 blocks
[BlockCache] Initialized: block_size=65536, num_blocks=8887, cache_slots=1024, dim=128, layout=bfs, policy=lru, io_mode=direct
[BlockCache] Flat vec cache: 130055 slots, 65027 KB, entry_size=512
[BlockCache] Flat block cache: 4096 slots, 32 KB
[DiskHNSW] Loading graph structure (slim) from output/sift1m_m32/sift1m_m32_graph.bin...
  [slim+adj] Loading vectors for 31770 upper-layer nodes (15MB, skipping 488MB)
  [slim+adj] Loaded L0 adjacency: 29440248 edges (112MB)
  [slim+adj] Loaded graph structure from output/sift1m_m32/sift1m_m32_graph.bin (1000000 nodes, 31770 upper, 29440248 edges)
[DiskHNSW] Graph: 1000000 nodes, dim=128, max_level=4, entry_point=572119
[DiskHNSW] Loading BFS order from output/sift1m_m32/sift1m_m32_bfs.bin...
[DiskHNSW] BFS mapping loaded: 1000000 entries
  [CSR] Built compressed adjacency: 29440248 edges, compact=58MB + offsets=3MB = 61MB (raw would be 116MB, 1.9x compression)
[DiskHNSW] BlockCache (pluggable) initialized
[GraphPrefetcher] Initialized: ring_size=512, block_size=65536, odirect=yes, fd=3
[DiskHNSW] Graph-guided prefetch enabled (io_uring, odirect=yes)
[DiskHNSW] Loading PQ codes from output/pqco_sift1m_M32_correct.bin...
  PQ params: N=1000000, M=32, nbits=8, dim=128, dsub=4, ksub=256
  [UpperPQ] Freed 31770 exact vectors (15MB) — using PQ ADC instead
  PQ codebook: 0 MB
  PQ codes: 30 MB (1000000 x 32 bytes)
  PQ enabled: ADC distance will be used for Layer 0
RSS after init: 109 MB
[FineRerank] buffered mode (page cache + disk, recommended)
[FineRerank] slot table built: 7937 blocks, 613.752 ms

=== Aggregate ===
Total queries: 15000
Total time:    15.674 s
QPS:           957.0
Recall@10:     98.85%
Cumulative unique queries: 7942 / 10000
Hit%:          0.00
RSS:           236 MB

=== Cache saturation ===
Round 1 QPS:   429.4
Round 15 QPS:  1044.9
Ramp-up:       143.4%

CSV_HEADER,round,queries,seconds,qps,recall,cum_unique
CSV_ROW,1,1000,2.328958,429.4,98.75,1000
CSV_ROW,2,1000,1.017079,983.2,98.94,1914
CSV_ROW,3,1000,0.965034,1036.2,98.76,2714
CSV_ROW,4,1000,0.959659,1042.0,98.96,3434
CSV_ROW,5,1000,0.940389,1063.4,98.90,4081
CSV_ROW,6,1000,0.941242,1062.4,98.88,4675
CSV_ROW,7,1000,1.004221,995.8,98.86,5220
CSV_ROW,8,1000,0.960655,1041.0,98.62,5696
CSV_ROW,9,1000,0.949646,1053.0,99.00,6116
CSV_ROW,10,1000,0.938660,1065.3,98.86,6494
CSV_ROW,11,1000,0.937681,1066.5,98.95,6837
CSV_ROW,12,1000,0.917383,1090.1,98.69,7145
CSV_ROW,13,1000,0.925455,1080.5,98.97,7439
CSV_ROW,14,1000,0.931413,1073.6,98.75,7701
CSV_ROW,15,1000,0.956987,1044.9,98.91,7942
CSV_AGG,15,15000,15.674463,957.0,98.85,7942,1044.9
[Prefetch Accuracy] useful=0 wasted=0 total_prefetched_settled=0 accuracy=0%
terminate called without an active exception
anon_bytes:           0
file_bytes:           0
total_bytes:          0
peak_bytes:           268435456
limit_bytes:          268435456
violations:           0
workingset_refault:   964075
pgmajfault:           25725
pgfault:              177253
slab_bytes:           0
--- memory.events ---
oom 0
oom_kill 0
