=== Sustained Query Benchmark (BEH-035) ===
Pool: 10000 queries (dim=128) | GT: 10000x100
Rounds: 15 | Per-round: 1000 | Seed: 42
k=10, ef=80
Cache: 64MB (1024 slots, 11.5% coverage)
Mode: CONCURRENT (threads=1)
[BfsLayoutProvider] Loaded route table: 1000000 entries, 8887 blocks
[BlockCache] Initialized: block_size=65536, num_blocks=8887, cache_slots=1024, dim=128, layout=bfs, policy=lru, io_mode=direct
[BlockCache] Flat vec cache: 130055 slots, 65027 KB, entry_size=512
[BlockCache] Flat block cache: 4096 slots, 32 KB
[DiskHNSW] Loading graph structure (slim) from output/sift1m_m32/sift1m_m32_graph.bin...
  [slim+adj] Loading vectors for 31770 upper-layer nodes (15MB, skipping 488MB)
  [slim+adj] Loaded L0 adjacency: 29440248 edges (112MB)
  [slim+adj] Loaded graph structure from output/sift1m_m32/sift1m_m32_graph.bin (1000000 nodes, 31770 upper, 29440248 edges)
[DiskHNSW] Graph: 1000000 nodes, dim=128, max_level=4, entry_point=572119
[DiskHNSW] Loading BFS order from output/sift1m_m32/sift1m_m32_bfs.bin...
[DiskHNSW] BFS mapping loaded: 1000000 entries
  [CSR] Built compressed adjacency: 29440248 edges, compact=58MB + offsets=3MB = 61MB (raw would be 116MB, 1.9x compression)
[DiskHNSW] BlockCache (pluggable) initialized
[GraphPrefetcher] Initialized: ring_size=512, block_size=65536, odirect=yes, fd=3
[DiskHNSW] Graph-guided prefetch enabled (io_uring, odirect=yes)
[DiskHNSW] Loading PQ codes from output/pqco_sift1m_M32_correct.bin...
  PQ params: N=1000000, M=32, nbits=8, dim=128, dsub=4, ksub=256
  [UpperPQ] Freed 31770 exact vectors (15MB) — using PQ ADC instead
  PQ codebook: 0 MB
  PQ codes: 30 MB (1000000 x 32 bytes)
  PQ enabled: ADC distance will be used for Layer 0
RSS after init: 111 MB
[FineRerank] buffered mode (page cache + disk, recommended)
[FineRerank] slot table built: 7937 blocks, 592.653 ms

=== Aggregate ===
Total queries: 15000
Total time:    13.408 s
QPS:           1118.7
Recall@10:     98.24%
Cumulative unique queries: 7942 / 10000
Hit%:          0.00
RSS:           235 MB

=== Cache saturation ===
Round 1 QPS:   444.9
Round 15 QPS:  1286.2
Ramp-up:       189.1%

CSV_HEADER,round,queries,seconds,qps,recall,cum_unique
CSV_ROW,1,1000,2.247642,444.9,98.19,1000
CSV_ROW,2,1000,0.874565,1143.4,98.22,1914
CSV_ROW,3,1000,0.814802,1227.3,98.09,2714
CSV_ROW,4,1000,0.795315,1257.4,98.28,3434
CSV_ROW,5,1000,0.779180,1283.4,98.40,4081
CSV_ROW,6,1000,0.763753,1309.3,98.13,4675
CSV_ROW,7,1000,0.773239,1293.3,98.23,5220
CSV_ROW,8,1000,0.772964,1293.7,98.04,5696
CSV_ROW,9,1000,0.770501,1297.9,98.49,6116
CSV_ROW,10,1000,0.840430,1189.9,98.25,6494
CSV_ROW,11,1000,0.831629,1202.5,98.35,6837
CSV_ROW,12,1000,0.804653,1242.8,98.07,7145
CSV_ROW,13,1000,0.801098,1248.3,98.49,7439
CSV_ROW,14,1000,0.761015,1314.0,98.11,7701
CSV_ROW,15,1000,0.777477,1286.2,98.27,7942
CSV_AGG,15,15000,13.408263,1118.7,98.24,7942,1286.2
[Prefetch Accuracy] useful=0 wasted=0 total_prefetched_settled=0 accuracy=0%
terminate called without an active exception
anon_bytes:           0
file_bytes:           0
total_bytes:          0
peak_bytes:           268435456
limit_bytes:          268435456
violations:           0
workingset_refault:   741071
pgmajfault:           20082
pgfault:              172128
slab_bytes:           0
--- memory.events ---
oom 0
oom_kill 0
