[cgroup_utils] 版本: v2 | 路径: /sys/fs/cgroup/sqb_cluster-gbdt-r0-512mb_512_1_1000 | 限制: 512MB
=== Sustained Query Benchmark (BEH-035) ===
Pool: 10000 queries (dim=128) | GT: 10000x100
Rounds: 15 | Per-round: 1000 | Seed: 42
k=10, ef=60
Cache: 64MB (1024 slots, 11.6% coverage)
Mode: CONCURRENT (threads=1)
[BfsLayoutProvider] Loaded route table: 1000000 entries, 8812 blocks
[BlockCache] Initialized: block_size=65536, num_blocks=8812, cache_slots=1024, dim=128, layout=bfs, policy=lru, io_mode=direct
[BlockCache] Flat vec cache: 325139 slots, 162569 KB, entry_size=512
[BlockCache] Flat block cache: 4096 slots, 32 KB
[DiskHNSW] Loading graph structure (slim) from output/sift1m_m24/sift1m_m24_graph.bin...
  [slim+adj] Loading vectors for 42294 upper-layer nodes (20MB, skipping 488MB)
  [slim+adj] Loaded L0 adjacency: 26609131 edges (101MB)
  [slim+adj] Loaded graph structure from output/sift1m_m24/sift1m_m24_graph.bin (1000000 nodes, 42294 upper, 26609131 edges)
[DiskHNSW] Graph: 1000000 nodes, dim=128, max_level=4, entry_point=572119
[DiskHNSW] Loading BFS order from output/sift1m_m24/sift1m_m24_bfs.bin...
[DiskHNSW] BFS mapping loaded: 1000000 entries
  [CSR] Built compressed adjacency: 26609131 edges, compact=54MB + offsets=3MB = 57MB (raw would be 105MB, 1.8x compression)
[DiskHNSW] BlockCache (pluggable) initialized
[GraphPrefetcher] Initialized: ring_size=512, block_size=65536, odirect=yes, fd=3
[DiskHNSW] Graph-guided prefetch enabled (io_uring, odirect=yes)
[DiskHNSW] Loading PQ codes from output/pqco_sift1m_M32_correct.bin...
  PQ params: N=1000000, M=32, nbits=8, dim=128, dsub=4, ksub=256
  [UpperPQ] Freed 42294 exact vectors (20MB) — using PQ ADC instead
  PQ codebook: 0 MB
  PQ codes: 30 MB (1000000 x 32 bytes)
  PQ enabled: ADC distance will be used for Layer 0
RSS after init: 164 MB
[FineRerank] buffered mode (page cache + disk, recommended)
[FineRerank] slot table built: 7937 blocks, 470.025 ms
Round   1: QPS=    964.6  recall=96.49%  cum_unique=1000
Round   2: QPS=   2175.4  recall=96.53%  cum_unique=1914
Round   3: QPS=   2262.1  recall=96.33%  cum_unique=2714
Round   4: QPS=   2374.0  recall=96.70%  cum_unique=3434
Round   5: QPS=   2444.7  recall=96.63%  cum_unique=4081
Round   6: QPS=   2419.4  recall=96.37%  cum_unique=4675
Round   7: QPS=   2490.8  recall=96.75%  cum_unique=5220
Round   8: QPS=   2541.1  recall=96.19%  cum_unique=5696
Round   9: QPS=   2546.0  recall=97.03%  cum_unique=6116
Round  10: QPS=   2587.5  recall=96.73%  cum_unique=6494
Round  11: QPS=   2547.6  recall=96.93%  cum_unique=6837
Round  12: QPS=   2628.7  recall=96.10%  cum_unique=7145
Round  13: QPS=   2612.2  recall=97.03%  cum_unique=7439
Round  14: QPS=   2610.6  recall=96.57%  cum_unique=7701
Round  15: QPS=   2662.9  recall=96.54%  cum_unique=7942

=== Aggregate ===
Total queries: 15000
Total time:    6.671 s
QPS:           2248.7
Recall@10:     96.59%
Cumulative unique queries: 7942 / 10000
Hit%:          0.00
RSS:           332 MB

=== Cache saturation ===
Round 1 QPS:   964.6
Round 15 QPS:  2662.9
Ramp-up:       176.1%

CSV_HEADER,round,queries,seconds,qps,recall,cum_unique
CSV_ROW,1,1000,1.036680,964.6,96.49,1000
CSV_ROW,2,1000,0.459695,2175.4,96.53,1914
CSV_ROW,3,1000,0.442069,2262.1,96.33,2714
CSV_ROW,4,1000,0.421234,2374.0,96.70,3434
CSV_ROW,5,1000,0.409042,2444.7,96.63,4081
CSV_ROW,6,1000,0.413330,2419.4,96.37,4675
CSV_ROW,7,1000,0.401472,2490.8,96.75,5220
CSV_ROW,8,1000,0.393536,2541.1,96.19,5696
CSV_ROW,9,1000,0.392780,2546.0,97.03,6116
CSV_ROW,10,1000,0.386471,2587.5,96.73,6494
CSV_ROW,11,1000,0.392529,2547.6,96.93,6837
CSV_ROW,12,1000,0.380413,2628.7,96.10,7145
CSV_ROW,13,1000,0.382818,2612.2,97.03,7439
CSV_ROW,14,1000,0.383056,2610.6,96.57,7701
CSV_ROW,15,1000,0.375524,2662.9,96.54,7942
CSV_AGG,15,15000,6.670649,2248.7,96.59,7942,2662.9
[Prefetch Accuracy] useful=0 wasted=0 total_prefetched_settled=0 accuracy=0%
terminate called without an active exception
bash: 第 21 行： 69692 已放弃               （核心已转储） build/benchmark_sustained output/sift1m_m24/sift1m_m24_graph.bin output/sift1m_m24/sift1m_m24_bfs.bin output/sift1m_m24/sift1m_m24_blocks_64k.bin output/sift1m_m24/sift1m_m24_route_64k.bin data/sift_base.fvecs data/sift_query_official10k.fvecs data/sift_groundtruth_official.ivecs 10 60 --rounds 15 --per-round 1000 --seed 42 --verbose
