# R1 entropy analysis — raw run log
# date: 2026-08-14
# trunk: a143392
# command: python3 poc/cluster-gbdt/r1_entropy_analysis.py poc/cluster-gbdt/cluster_assignments_1M.npy data/sift_groundtruth_official.ivecs 10000
======================================================================
  improvement_vs_mean = (baseline_rmse - cluster_rmse) / baseline_rmse * 100
======================================================================
R1: Cluster Entropy Analysis on current Trunk (a143392)
======================================================================

[1] Loading cluster assignments: poc/cluster-gbdt/cluster_assignments_1M.npy
    1000000 nodes, 1024 clusters

[2] Loading groundtruth: data/sift_groundtruth_official.ivecs
    9999 queries, top-200 candidates

[3] Computing cluster features for top-200 per query...
    2000/9999 (0.1s)
    4000/9999 (0.2s)
    6000/9999 (0.3s)
    8000/9999 (0.5s)
    Done in 0.6s

[4] Feature distributions:
    entropy        : mean=0.9803 std=0.0102 [0.8288, 1.0000]
    purity         : mean=0.0634 std=0.0288 [0.0000, 0.3800]
    dominant_frac  : mean=0.0237 std=0.0082 [0.0100, 0.2100]

[5] Correlation of cluster features with recall@10:
    Truncate    corr(      entropy)  corr(       purity)  corr(dominant_frac)   mean_recall
    trunc=10                 nan               nan               nan        1.0000
    trunc=15                 nan               nan               nan        1.0000
    trunc=20                 nan               nan               nan        1.0000
    trunc=30                 nan               nan               nan        1.0000
    trunc=50                 nan               nan               nan        1.0000
    trunc=100                nan               nan               nan        1.0000
    trunc=200                nan               nan               nan        1.0000

[6] Recall@10 (trunc=30) stratified by entropy:
    Low  (<0.978)            : n= 2944 recall@30=1.0000
    Mid  (0.978-0.985)       : n= 3167 recall@30=1.0000
    High (>=0.985)           : n= 3888 recall@30=1.0000
    Spread (low-high): 0.0000

[7] GBDT training (cluster-feature-only model):
    Target: min candidates for recall@10=100%
        10:  9999 queries (100.0%)
    cluster-entropy-only (1) : RMSE=0.000  top: entropy:0
    cluster-all (3)          : RMSE=0.000  top: entropy:0, purity:0, dominant_frac:0
    mean-baseline            : RMSE=0.000

======================================================================
R1 VERDICT (cluster-features-only, groundtruth-based)
======================================================================

  Entropy ↔ recall@30 corr:  nan
  Purity  ↔ recall@30 corr:  nan
  Entropy stratified spread: 0.0000
  Cluster-only GBDT RMSE:    0.000 (vs mean baseline 0.000, +nan%)

  → Cluster entropy does NOT provide incremental signal ❌

======================================================================
# Supplementary: direct cluster concentration diagnostic (top-100)
======================================================================
num_clusters(k): 1024
NQ: 9999, TOPK: 100
unique clusters in top-100: mean=93.7 median=94 min=62 max=100
  purity (1-unique/K): mean=0.0634
dominant cluster count: mean=2.37 median=2 max=21
  dominant_frac: mean=0.0237
normalized entropy: mean=0.9945 std=0.0038 [0.8984,1.0000]
