[sudo] huawei 的密码： [cgroup_utils] 版本: v2 | 路径: /sys/fs/cgroup/sqb_r1_4t_b_cqe_256_4_1000 | 限制: 256MB
=== Sustained Query Benchmark (BEH-035) ===
Pool: 10000 queries (dim=128) | GT: 10000x100
Rounds: 15 | Per-round: 1000 | Seed: 42
k=10, ef=60
Cache: 64MB (1024 slots, 11.6% coverage)
Mode: CONCURRENT (threads=4)
[BfsLayoutProvider] Loaded route table: 1000000 entries, 8812 blocks
[BlockCache] Initialized: block_size=65536, num_blocks=8812, cache_slots=1024, dim=128, layout=bfs, policy=lru, io_mode=direct
[BlockCache] Flat vec cache: 130055 slots, 65027 KB, entry_size=512
[BlockCache] Flat block cache: 4096 slots, 32 KB
[DiskHNSW] Loading graph structure (slim) from output/sift1m_m24/sift1m_m24_graph.bin...
  [slim+adj] Loading vectors for 42294 upper-layer nodes (20MB, skipping 488MB)
  [slim+adj] Loaded L0 adjacency: 26609131 edges (101MB)
  [slim+adj] Loaded graph structure from output/sift1m_m24/sift1m_m24_graph.bin (1000000 nodes, 42294 upper, 26609131 edges)
[DiskHNSW] Graph: 1000000 nodes, dim=128, max_level=4, entry_point=572119
[DiskHNSW] Loading BFS order from output/sift1m_m24/sift1m_m24_bfs.bin...
[DiskHNSW] BFS mapping loaded: 1000000 entries
  [CSR] Built compressed adjacency: 26609131 edges, compact=54MB + offsets=3MB = 57MB (raw would be 105MB, 1.8x compression)
[DiskHNSW] BlockCache (pluggable) initialized
[GraphPrefetcher] Initialized: ring_size=512, block_size=65536, odirect=yes, fd=3
[DiskHNSW] Graph-guided prefetch enabled (io_uring, odirect=yes)
[DiskHNSW] Loading PQ codes from output/pqco_sift1m_M32_correct.bin...
  PQ params: N=1000000, M=32, nbits=8, dim=128, dsub=4, ksub=256
  [UpperPQ] Freed 42294 exact vectors (20MB) — using PQ ADC instead
  PQ codebook: 0 MB
  PQ codes: 30 MB (1000000 x 32 bytes)
  PQ enabled: ADC distance will be used for Layer 0
RSS after init: 108 MB
[FineRerank] buffered mode (page cache + disk, recommended)
[FineRerank] slot table built: 7937 blocks, 547.037 ms
Round   1: QPS=   1029.5  recall=96.49%  cum_unique=1000
Round   2: QPS=   3282.8  recall=96.54%  cum_unique=1914
Round   3: QPS=   3753.3  recall=96.35%  cum_unique=2714
Round   4: QPS=   3916.9  recall=96.70%  cum_unique=3434
Round   5: QPS=   4194.0  recall=96.64%  cum_unique=4081
Round   6: QPS=   4299.3  recall=96.36%  cum_unique=4675
Round   7: QPS=   4357.5  recall=96.76%  cum_unique=5220
Round   8: QPS=   4364.2  recall=96.19%  cum_unique=5696
Round   9: QPS=   4341.9  recall=97.03%  cum_unique=6116
Round  10: QPS=   4020.4  recall=96.73%  cum_unique=6494
Round  11: QPS=   3945.7  recall=96.94%  cum_unique=6837
Round  12: QPS=   4208.3  recall=96.10%  cum_unique=7145
Round  13: QPS=   4362.1  recall=97.02%  cum_unique=7439
Round  14: QPS=   4310.5  recall=96.54%  cum_unique=7701
Round  15: QPS=   4377.5  recall=96.54%  cum_unique=7942

=== Aggregate ===
Total queries: 15000
Total time:    4.387 s
QPS:           3419.1
Recall@10:     96.60%
Cumulative unique queries: 7942 / 10000
Hit%:          0.00
RSS:           242 MB

=== Cache saturation ===
Round 1 QPS:   1029.5
Round 15 QPS:  4377.5
Ramp-up:       325.2%

CSV_HEADER,round,queries,seconds,qps,recall,cum_unique
CSV_ROW,1,1000,0.971374,1029.5,96.49,1000
CSV_ROW,2,1000,0.304617,3282.8,96.54,1914
CSV_ROW,3,1000,0.266430,3753.3,96.35,2714
CSV_ROW,4,1000,0.255302,3916.9,96.70,3434
CSV_ROW,5,1000,0.238434,4194.0,96.64,4081
CSV_ROW,6,1000,0.232598,4299.3,96.36,4675
CSV_ROW,7,1000,0.229490,4357.5,96.76,5220
CSV_ROW,8,1000,0.229138,4364.2,96.19,5696
CSV_ROW,9,1000,0.230313,4341.9,97.03,6116
CSV_ROW,10,1000,0.248730,4020.4,96.73,6494
CSV_ROW,11,1000,0.253441,3945.7,96.94,6837
CSV_ROW,12,1000,0.237626,4208.3,96.10,7145
CSV_ROW,13,1000,0.229247,4362.1,97.02,7439
CSV_ROW,14,1000,0.231991,4310.5,96.54,7701
CSV_ROW,15,1000,0.228442,4377.5,96.54,7942
CSV_AGG,15,15000,4.387172,3419.1,96.60,7942,4377.5
[Prefetch Accuracy] useful=0 wasted=0 total_prefetched_settled=0 accuracy=0%
terminate called without an active exception
bash: 第 17 行： 3465525 已放弃               （核心已转储） poc/ssd-parallelism-io/build/benchmark_cqe output/sift1m_m24/sift1m_m24_graph.bin output/sift1m_m24/sift1m_m24_bfs.bin output/sift1m_m24/sift1m_m24_blocks_64k.bin output/sift1m_m24/sift1m_m24_route_64k.bin data/sift_base.fvecs data/sift_query_official10k.fvecs data/sift_groundtruth_official.ivecs 10 60 --rounds 15 --per-round 1000 --seed 42 --verbose
