[sudo] huawei 的密码： [cgroup_utils] 版本: v2 | 路径: /sys/fs/cgroup/sqb_r2_prof2_b_256_1_1000 | 限制: 256MB
=== Sustained Query Benchmark (BEH-035) ===
Pool: 10000 queries (dim=128) | GT: 10000x100
Rounds: 15 | Per-round: 1000 | Seed: 42
k=10, ef=60
Cache: 64MB (1024 slots, 11.6% coverage)
Mode: CONCURRENT (threads=1)
[BfsLayoutProvider] Loaded route table: 1000000 entries, 8812 blocks
[BlockCache] Initialized: block_size=65536, num_blocks=8812, cache_slots=1024, dim=128, layout=bfs, policy=lru, io_mode=direct
[BlockCache] Flat vec cache: 130055 slots, 65027 KB, entry_size=512
[BlockCache] Flat block cache: 4096 slots, 32 KB
[DiskHNSW] Loading graph structure (slim) from output/sift1m_m24/sift1m_m24_graph.bin...
  [slim+adj] Loading vectors for 42294 upper-layer nodes (20MB, skipping 488MB)
  [slim+adj] Loaded L0 adjacency: 26609131 edges (101MB)
  [slim+adj] Loaded graph structure from output/sift1m_m24/sift1m_m24_graph.bin (1000000 nodes, 42294 upper, 26609131 edges)
[DiskHNSW] Graph: 1000000 nodes, dim=128, max_level=4, entry_point=572119
[DiskHNSW] Loading BFS order from output/sift1m_m24/sift1m_m24_bfs.bin...
[DiskHNSW] BFS mapping loaded: 1000000 entries
  [CSR] Built compressed adjacency: 26609131 edges, compact=54MB + offsets=3MB = 57MB (raw would be 105MB, 1.8x compression)
[DiskHNSW] BlockCache (pluggable) initialized
[GraphPrefetcher] Initialized: ring_size=512, block_size=65536, odirect=yes, fd=3
[DiskHNSW] Graph-guided prefetch enabled (io_uring, odirect=yes)
[DiskHNSW] Loading PQ codes from output/pqco_sift1m_M32_correct.bin...
  PQ params: N=1000000, M=32, nbits=8, dim=128, dsub=4, ksub=256
  [UpperPQ] Freed 42294 exact vectors (20MB) — using PQ ADC instead
  PQ codebook: 0 MB
  PQ codes: 30 MB (1000000 x 32 bytes)
  PQ enabled: ADC distance will be used for Layer 0
RSS after init: 109 MB
[FineRerank] buffered mode (page cache + disk, recommended)
[FineRerank] slot table built: 7937 blocks, 608.847 ms
[PROFILE_FINE] n=200 collect=39 loop+syscall=4+86 io_1st=10 io_rest=292 compute=3 | pages=61.6 cached=0.7 iters=15.1
[PROFILE_TS] n=200 PhaseA=428us FineIO+rerank=3504us
[PROFILE_FINE] n=400 collect=26 loop+syscall=4+91 io_1st=10 io_rest=290 compute=2 | pages=61.2 cached=1.2 iters=15.8
[PROFILE_TS] n=400 PhaseA=311us FineIO+rerank=1959us
[PROFILE_FINE] n=600 collect=22 loop+syscall=4+94 io_1st=10 io_rest=289 compute=2 | pages=60.4 cached=1.9 iters=16.4
[PROFILE_TS] n=600 PhaseA=272us FineIO+rerank=1445us
[PROFILE_FINE] n=800 collect=19 loop+syscall=4+95 io_1st=9 io_rest=289 compute=2 | pages=60.0 cached=2.2 iters=16.7
[PROFILE_TS] n=800 PhaseA=252us FineIO+rerank=1188us
[PROFILE_FINE] n=1000 collect=18 loop+syscall=4+96 io_1st=9 io_rest=287 compute=2 | pages=59.5 cached=2.8 iters=16.8
[PROFILE_TS] n=1000 PhaseA=239us FineIO+rerank=1032us
Round   1: QPS=    621.2  recall=96.49%  cum_unique=1000
[PROFILE_FINE] n=1200 collect=18 loop+syscall=4+95 io_1st=10 io_rest=283 compute=2 | pages=58.7 cached=3.6 iters=16.9
[PROFILE_TS] n=1200 PhaseA=232us FineIO+rerank=925us
[PROFILE_FINE] n=1400 collect=17 loop+syscall=4+94 io_1st=10 io_rest=281 compute=2 | pages=57.7 cached=4.5 iters=17.0
[PROFILE_TS] n=1400 PhaseA=226us FineIO+rerank=847us
[PROFILE_FINE] n=1600 collect=16 loop+syscall=4+93 io_1st=10 io_rest=282 compute=2 | pages=57.1 cached=5.3 iters=17.2
[PROFILE_TS] n=1600 PhaseA=223us FineIO+rerank=793us
[PROFILE_FINE] n=1800 collect=16 loop+syscall=4+93 io_1st=9 io_rest=280 compute=2 | pages=56.5 cached=5.9 iters=17.3
[PROFILE_TS] n=1800 PhaseA=219us FineIO+rerank=747us
[PROFILE_FINE] n=2000 collect=16 loop+syscall=4+93 io_1st=9 io_rest=278 compute=2 | pages=55.9 cached=6.4 iters=17.1
[PROFILE_TS] n=2000 PhaseA=218us FineIO+rerank=711us
Round   2: QPS=   1401.3  recall=96.53%  cum_unique=1914
[PROFILE_FINE] n=2200 collect=15 loop+syscall=4+92 io_1st=9 io_rest=276 compute=2 | pages=55.3 cached=7.0 iters=17.1
[PROFILE_TS] n=2200 PhaseA=216us FineIO+rerank=680us
[PROFILE_FINE] n=2400 collect=15 loop+syscall=4+91 io_1st=10 io_rest=274 compute=2 | pages=54.6 cached=7.7 iters=17.1
[PROFILE_TS] n=2400 PhaseA=213us FineIO+rerank=653us
[PROFILE_FINE] n=2600 collect=15 loop+syscall=4+90 io_1st=10 io_rest=272 compute=2 | pages=54.0 cached=8.3 iters=17.0
[PROFILE_TS] n=2600 PhaseA=211us FineIO+rerank=630us
[PROFILE_FINE] n=2800 collect=15 loop+syscall=3+90 io_1st=10 io_rest=271 compute=2 | pages=53.6 cached=8.7 iters=16.9
[PROFILE_TS] n=2800 PhaseA=211us FineIO+rerank=612us
[PROFILE_FINE] n=3000 collect=15 loop+syscall=3+89 io_1st=9 io_rest=270 compute=2 | pages=53.3 cached=9.0 iters=16.9
[PROFILE_TS] n=3000 PhaseA=209us FineIO+rerank=595us
Round   3: QPS=   1525.6  recall=96.34%  cum_unique=2714
[PROFILE_FINE] n=3200 collect=15 loop+syscall=3+88 io_1st=10 io_rest=268 compute=2 | pages=52.8 cached=9.5 iters=16.8
[PROFILE_TS] n=3200 PhaseA=208us FineIO+rerank=580us
[PROFILE_FINE] n=3400 collect=14 loop+syscall=3+87 io_1st=10 io_rest=266 compute=2 | pages=52.2 cached=10.0 iters=16.7
[PROFILE_TS] n=3400 PhaseA=206us FineIO+rerank=566us
[PROFILE_FINE] n=3600 collect=14 loop+syscall=3+87 io_1st=10 io_rest=266 compute=2 | pages=51.9 cached=10.4 iters=16.7
[PROFILE_TS] n=3600 PhaseA=205us FineIO+rerank=555us
[PROFILE_FINE] n=3800 collect=14 loop+syscall=3+86 io_1st=10 io_rest=265 compute=2 | pages=51.5 cached=10.7 iters=16.6
[PROFILE_TS] n=3800 PhaseA=205us FineIO+rerank=544us
[PROFILE_FINE] n=4000 collect=14 loop+syscall=3+86 io_1st=9 io_rest=264 compute=2 | pages=51.3 cached=11.0 iters=16.6
[PROFILE_TS] n=4000 PhaseA=204us FineIO+rerank=534us
Round   4: QPS=   1591.5  recall=96.70%  cum_unique=3434
[PROFILE_FINE] n=4200 collect=14 loop+syscall=3+85 io_1st=10 io_rest=262 compute=2 | pages=50.9 cached=11.4 iters=16.5
[PROFILE_TS] n=4200 PhaseA=203us FineIO+rerank=524us
[PROFILE_FINE] n=4400 collect=14 loop+syscall=3+85 io_1st=10 io_rest=261 compute=2 | pages=50.6 cached=11.7 iters=16.4
[PROFILE_TS] n=4400 PhaseA=203us FineIO+rerank=516us
[PROFILE_FINE] n=4600 collect=14 loop+syscall=3+84 io_1st=10 io_rest=260 compute=2 | pages=50.3 cached=12.0 iters=16.4
[PROFILE_TS] n=4600 PhaseA=203us FineIO+rerank=509us
[PROFILE_FINE] n=4800 collect=14 loop+syscall=3+84 io_1st=10 io_rest=260 compute=2 | pages=50.1 cached=12.2 iters=16.5
[PROFILE_TS] n=4800 PhaseA=202us FineIO+rerank=502us
[PROFILE_FINE] n=5000 collect=14 loop+syscall=3+84 io_1st=9 io_rest=259 compute=2 | pages=49.8 cached=12.4 iters=16.4
[PROFILE_TS] n=5000 PhaseA=202us FineIO+rerank=496us
Round   5: QPS=   1611.2  recall=96.63%  cum_unique=4081
[PROFILE_FINE] n=5200 collect=14 loop+syscall=3+83 io_1st=10 io_rest=258 compute=2 | pages=49.6 cached=12.7 iters=16.4
[PROFILE_TS] n=5200 PhaseA=202us FineIO+rerank=490us
[PROFILE_FINE] n=5400 collect=14 loop+syscall=3+83 io_1st=10 io_rest=257 compute=2 | pages=49.3 cached=12.9 iters=16.4
[PROFILE_TS] n=5400 PhaseA=201us FineIO+rerank=484us
[PROFILE_FINE] n=5600 collect=14 loop+syscall=3+83 io_1st=10 io_rest=256 compute=2 | pages=49.0 cached=13.2 iters=16.4
[PROFILE_TS] n=5600 PhaseA=201us FineIO+rerank=479us
[PROFILE_FINE] n=5800 collect=14 loop+syscall=3+82 io_1st=10 io_rest=256 compute=2 | pages=48.9 cached=13.3 iters=16.4
[PROFILE_TS] n=5800 PhaseA=201us FineIO+rerank=474us
[PROFILE_FINE] n=6000 collect=14 loop+syscall=3+82 io_1st=10 io_rest=255 compute=2 | pages=48.8 cached=13.5 iters=16.4
[PROFILE_TS] n=6000 PhaseA=200us FineIO+rerank=470us
Round   6: QPS=   1631.5  recall=96.37%  cum_unique=4675
[PROFILE_FINE] n=6200 collect=14 loop+syscall=3+82 io_1st=10 io_rest=255 compute=2 | pages=48.6 cached=13.7 iters=16.3
[PROFILE_TS] n=6200 PhaseA=200us FineIO+rerank=466us
[PROFILE_FINE] n=6400 collect=14 loop+syscall=3+82 io_1st=10 io_rest=254 compute=2 | pages=48.4 cached=13.8 iters=16.3
[PROFILE_TS] n=6400 PhaseA=200us FineIO+rerank=462us
[PROFILE_FINE] n=6600 collect=14 loop+syscall=3+81 io_1st=10 io_rest=253 compute=2 | pages=48.2 cached=14.1 iters=16.3
[PROFILE_TS] n=6600 PhaseA=199us FineIO+rerank=458us
[PROFILE_FINE] n=6800 collect=14 loop+syscall=3+81 io_1st=10 io_rest=253 compute=2 | pages=48.0 cached=14.2 iters=16.3
[PROFILE_TS] n=6800 PhaseA=199us FineIO+rerank=454us
[PROFILE_FINE] n=7000 collect=13 loop+syscall=3+81 io_1st=10 io_rest=253 compute=2 | pages=47.9 cached=14.3 iters=16.3
[PROFILE_TS] n=7000 PhaseA=198us FineIO+rerank=451us
Round   7: QPS=   1671.2  recall=96.75%  cum_unique=5220
[PROFILE_FINE] n=7200 collect=13 loop+syscall=3+80 io_1st=10 io_rest=252 compute=2 | pages=47.7 cached=14.6 iters=16.3
[PROFILE_TS] n=7200 PhaseA=198us FineIO+rerank=447us
[PROFILE_FINE] n=7400 collect=13 loop+syscall=3+80 io_1st=10 io_rest=251 compute=2 | pages=47.5 cached=14.7 iters=16.3
[PROFILE_TS] n=7400 PhaseA=197us FineIO+rerank=444us
[PROFILE_FINE] n=7600 collect=13 loop+syscall=3+80 io_1st=10 io_rest=251 compute=2 | pages=47.4 cached=14.8 iters=16.3
[PROFILE_TS] n=7600 PhaseA=197us FineIO+rerank=441us
[PROFILE_FINE] n=7800 collect=13 loop+syscall=3+80 io_1st=10 io_rest=250 compute=2 | pages=47.3 cached=14.9 iters=16.3
[PROFILE_TS] n=7800 PhaseA=197us FineIO+rerank=439us
[PROFILE_FINE] n=8000 collect=13 loop+syscall=3+80 io_1st=10 io_rest=250 compute=2 | pages=47.2 cached=15.0 iters=16.3
[PROFILE_TS] n=8000 PhaseA=197us FineIO+rerank=436us
Round   8: QPS=   1688.8  recall=96.22%  cum_unique=5696
[PROFILE_FINE] n=8200 collect=13 loop+syscall=3+80 io_1st=10 io_rest=249 compute=2 | pages=47.1 cached=15.2 iters=16.2
[PROFILE_TS] n=8200 PhaseA=197us FineIO+rerank=434us
[PROFILE_FINE] n=8400 collect=13 loop+syscall=3+79 io_1st=10 io_rest=249 compute=2 | pages=46.9 cached=15.3 iters=16.2
[PROFILE_TS] n=8400 PhaseA=197us FineIO+rerank=431us
[PROFILE_FINE] n=8600 collect=13 loop+syscall=3+79 io_1st=10 io_rest=248 compute=2 | pages=46.8 cached=15.4 iters=16.2
[PROFILE_TS] n=8600 PhaseA=198us FineIO+rerank=429us
[PROFILE_FINE] n=8800 collect=13 loop+syscall=3+79 io_1st=10 io_rest=248 compute=2 | pages=46.7 cached=15.5 iters=16.2
[PROFILE_TS] n=8800 PhaseA=197us FineIO+rerank=427us
[PROFILE_FINE] n=9000 collect=13 loop+syscall=3+79 io_1st=10 io_rest=248 compute=2 | pages=46.6 cached=15.6 iters=16.2
[PROFILE_TS] n=9000 PhaseA=198us FineIO+rerank=425us
Round   9: QPS=   1618.7  recall=97.04%  cum_unique=6116
[PROFILE_FINE] n=9200 collect=13 loop+syscall=3+79 io_1st=10 io_rest=247 compute=2 | pages=46.5 cached=15.7 iters=16.2
[PROFILE_TS] n=9200 PhaseA=198us FineIO+rerank=423us
[PROFILE_FINE] n=9400 collect=13 loop+syscall=3+79 io_1st=10 io_rest=247 compute=2 | pages=46.4 cached=15.8 iters=16.2
[PROFILE_TS] n=9400 PhaseA=197us FineIO+rerank=421us
[PROFILE_FINE] n=9600 collect=13 loop+syscall=3+79 io_1st=10 io_rest=248 compute=2 | pages=46.3 cached=15.9 iters=16.2
[PROFILE_TS] n=9600 PhaseA=197us FineIO+rerank=420us
[PROFILE_FINE] n=9800 collect=13 loop+syscall=3+79 io_1st=10 io_rest=249 compute=2 | pages=46.2 cached=16.0 iters=16.2
[PROFILE_TS] n=9800 PhaseA=198us FineIO+rerank=420us
[PROFILE_FINE] n=10000 collect=13 loop+syscall=3+79 io_1st=10 io_rest=249 compute=2 | pages=46.2 cached=16.1 iters=16.2
[PROFILE_TS] n=10000 PhaseA=197us FineIO+rerank=419us
Round  10: QPS=   1588.9  recall=96.73%  cum_unique=6494
[PROFILE_FINE] n=10200 collect=13 loop+syscall=3+78 io_1st=10 io_rest=249 compute=2 | pages=46.0 cached=16.2 iters=16.2
[PROFILE_TS] n=10200 PhaseA=197us FineIO+rerank=417us
[PROFILE_FINE] n=10400 collect=13 loop+syscall=3+78 io_1st=10 io_rest=249 compute=2 | pages=45.9 cached=16.3 iters=16.2
[PROFILE_TS] n=10400 PhaseA=197us FineIO+rerank=416us
[PROFILE_FINE] n=10600 collect=13 loop+syscall=3+78 io_1st=10 io_rest=250 compute=2 | pages=45.9 cached=16.3 iters=16.2
[PROFILE_TS] n=10600 PhaseA=197us FineIO+rerank=416us
[PROFILE_FINE] n=10800 collect=13 loop+syscall=3+78 io_1st=10 io_rest=250 compute=2 | pages=45.8 cached=16.4 iters=16.2
[PROFILE_TS] n=10800 PhaseA=197us FineIO+rerank=415us
[PROFILE_FINE] n=11000 collect=13 loop+syscall=3+78 io_1st=10 io_rest=250 compute=2 | pages=45.8 cached=16.5 iters=16.3
[PROFILE_TS] n=11000 PhaseA=197us FineIO+rerank=414us
Round  11: QPS=   1590.2  recall=96.94%  cum_unique=6837
[PROFILE_FINE] n=11200 collect=13 loop+syscall=3+78 io_1st=10 io_rest=250 compute=2 | pages=45.7 cached=16.6 iters=16.2
[PROFILE_TS] n=11200 PhaseA=197us FineIO+rerank=413us
[PROFILE_FINE] n=11400 collect=13 loop+syscall=3+78 io_1st=10 io_rest=250 compute=2 | pages=45.6 cached=16.6 iters=16.2
[PROFILE_TS] n=11400 PhaseA=197us FineIO+rerank=412us
[PROFILE_FINE] n=11600 collect=13 loop+syscall=3+78 io_1st=10 io_rest=250 compute=2 | pages=45.5 cached=16.7 iters=16.2
[PROFILE_TS] n=11600 PhaseA=197us FineIO+rerank=410us
[PROFILE_FINE] n=11800 collect=13 loop+syscall=3+78 io_1st=10 io_rest=250 compute=2 | pages=45.4 cached=16.8 iters=16.2
[PROFILE_TS] n=11800 PhaseA=196us FineIO+rerank=409us
[PROFILE_FINE] n=12000 collect=13 loop+syscall=3+78 io_1st=10 io_rest=249 compute=2 | pages=45.4 cached=16.8 iters=16.2
[PROFILE_TS] n=12000 PhaseA=196us FineIO+rerank=408us
Round  12: QPS=   1657.6  recall=96.11%  cum_unique=7145
[PROFILE_FINE] n=12200 collect=13 loop+syscall=3+78 io_1st=10 io_rest=249 compute=2 | pages=45.3 cached=16.9 iters=16.1
[PROFILE_TS] n=12200 PhaseA=197us FineIO+rerank=407us
[PROFILE_FINE] n=12400 collect=13 loop+syscall=3+78 io_1st=10 io_rest=249 compute=2 | pages=45.3 cached=17.0 iters=16.1
[PROFILE_TS] n=12400 PhaseA=197us FineIO+rerank=406us
[PROFILE_FINE] n=12600 collect=13 loop+syscall=3+78 io_1st=10 io_rest=249 compute=2 | pages=45.2 cached=17.0 iters=16.1
[PROFILE_TS] n=12600 PhaseA=197us FineIO+rerank=405us
[PROFILE_FINE] n=12800 collect=13 loop+syscall=3+78 io_1st=10 io_rest=249 compute=2 | pages=45.2 cached=17.1 iters=16.1
[PROFILE_TS] n=12800 PhaseA=197us FineIO+rerank=404us
[PROFILE_FINE] n=13000 collect=13 loop+syscall=3+78 io_1st=10 io_rest=248 compute=2 | pages=45.1 cached=17.1 iters=16.1
[PROFILE_TS] n=13000 PhaseA=197us FineIO+rerank=403us
Round  13: QPS=   1619.8  recall=97.04%  cum_unique=7439
[PROFILE_FINE] n=13200 collect=13 loop+syscall=3+78 io_1st=10 io_rest=248 compute=2 | pages=45.0 cached=17.2 iters=16.0
[PROFILE_TS] n=13200 PhaseA=197us FineIO+rerank=402us
[PROFILE_FINE] n=13400 collect=13 loop+syscall=3+78 io_1st=10 io_rest=248 compute=2 | pages=45.0 cached=17.3 iters=16.0
[PROFILE_TS] n=13400 PhaseA=197us FineIO+rerank=401us
[PROFILE_FINE] n=13600 collect=13 loop+syscall=3+78 io_1st=10 io_rest=248 compute=2 | pages=44.9 cached=17.3 iters=16.0
[PROFILE_TS] n=13600 PhaseA=197us FineIO+rerank=400us
[PROFILE_FINE] n=13800 collect=13 loop+syscall=3+78 io_1st=10 io_rest=247 compute=2 | pages=44.9 cached=17.3 iters=16.0
[PROFILE_TS] n=13800 PhaseA=196us FineIO+rerank=399us
[PROFILE_FINE] n=14000 collect=13 loop+syscall=3+78 io_1st=10 io_rest=247 compute=2 | pages=44.9 cached=17.4 iters=16.0
[PROFILE_TS] n=14000 PhaseA=196us FineIO+rerank=398us
Round  14: QPS=   1655.1  recall=96.55%  cum_unique=7701
[PROFILE_FINE] n=14200 collect=13 loop+syscall=3+78 io_1st=10 io_rest=247 compute=2 | pages=44.8 cached=17.4 iters=16.0
[PROFILE_TS] n=14200 PhaseA=196us FineIO+rerank=398us
[PROFILE_FINE] n=14400 collect=13 loop+syscall=3+78 io_1st=10 io_rest=247 compute=2 | pages=44.7 cached=17.5 iters=15.9
[PROFILE_TS] n=14400 PhaseA=196us FineIO+rerank=397us
[PROFILE_FINE] n=14600 collect=13 loop+syscall=3+78 io_1st=10 io_rest=247 compute=2 | pages=44.7 cached=17.5 iters=15.9
[PROFILE_TS] n=14600 PhaseA=196us FineIO+rerank=396us
[PROFILE_FINE] n=14800 collect=13 loop+syscall=3+78 io_1st=10 io_rest=246 compute=2 | pages=44.7 cached=17.6 iters=15.9
[PROFILE_TS] n=14800 PhaseA=196us FineIO+rerank=395us
[PROFILE_FINE] n=15000 collect=13 loop+syscall=3+78 io_1st=10 io_rest=246 compute=2 | pages=44.6 cached=17.6 iters=15.9
[PROFILE_TS] n=15000 PhaseA=196us FineIO+rerank=394us
Round  15: QPS=   1692.1  recall=96.54%  cum_unique=7942

=== Aggregate ===
Total queries: 15000
Total time:    10.323 s
QPS:           1453.0
Recall@10:     96.60%
Cumulative unique queries: 7942 / 10000
Hit%:          0.00
RSS:           233 MB

=== Cache saturation ===
Round 1 QPS:   621.2
Round 15 QPS:  1692.1
Ramp-up:       172.4%

CSV_HEADER,round,queries,seconds,qps,recall,cum_unique
CSV_ROW,1,1000,1.609836,621.2,96.49,1000
CSV_ROW,2,1000,0.713637,1401.3,96.53,1914
CSV_ROW,3,1000,0.655481,1525.6,96.34,2714
CSV_ROW,4,1000,0.628326,1591.5,96.70,3434
CSV_ROW,5,1000,0.620647,1611.2,96.63,4081
CSV_ROW,6,1000,0.612930,1631.5,96.37,4675
CSV_ROW,7,1000,0.598381,1671.2,96.75,5220
CSV_ROW,8,1000,0.592127,1688.8,96.22,5696
CSV_ROW,9,1000,0.617793,1618.7,97.04,6116
CSV_ROW,10,1000,0.629358,1588.9,96.73,6494
CSV_ROW,11,1000,0.628857,1590.2,96.94,6837
CSV_ROW,12,1000,0.603272,1657.6,96.11,7145
CSV_ROW,13,1000,0.617367,1619.8,97.04,7439
CSV_ROW,14,1000,0.604196,1655.1,96.55,7701
CSV_ROW,15,1000,0.590966,1692.1,96.54,7942
CSV_AGG,15,15000,10.323175,1453.0,96.60,7942,1692.1
[Prefetch Accuracy] useful=0 wasted=0 total_prefetched_settled=0 accuracy=0%
terminate called without an active exception
bash: 第 17 行： 139111 已放弃               （核心已转储） poc/ssd-parallelism-io/build/benchmark_cqe output/sift1m_m24/sift1m_m24_graph.bin output/sift1m_m24/sift1m_m24_bfs.bin output/sift1m_m24/sift1m_m24_blocks_64k.bin output/sift1m_m24/sift1m_m24_route_64k.bin data/sift_base.fvecs data/sift_query_official10k.fvecs data/sift_groundtruth_official.ivecs 10 60 --rounds 15 --per-round 1000 --seed 42 --verbose
