[sudo] huawei 的密码： [cgroup_utils] 版本: v2 | 路径: /sys/fs/cgroup/sqb_r3_b2_regbuf_256_1_1000 | 限制: 256MB
=== Sustained Query Benchmark (BEH-035) ===
Pool: 10000 queries (dim=128) | GT: 10000x100
Rounds: 15 | Per-round: 1000 | Seed: 42
k=10, ef=60
Cache: 64MB (1024 slots, 11.6% coverage)
Mode: CONCURRENT (threads=1)
[BfsLayoutProvider] Loaded route table: 1000000 entries, 8812 blocks
[BlockCache] Initialized: block_size=65536, num_blocks=8812, cache_slots=1024, dim=128, layout=bfs, policy=lru, io_mode=direct
[BlockCache] Flat vec cache: 130055 slots, 65027 KB, entry_size=512
[BlockCache] Flat block cache: 4096 slots, 32 KB
[DiskHNSW] Loading graph structure (slim) from output/sift1m_m24/sift1m_m24_graph.bin...
  [slim+adj] Loading vectors for 42294 upper-layer nodes (20MB, skipping 488MB)
  [slim+adj] Loaded L0 adjacency: 26609131 edges (101MB)
  [slim+adj] Loaded graph structure from output/sift1m_m24/sift1m_m24_graph.bin (1000000 nodes, 42294 upper, 26609131 edges)
[DiskHNSW] Graph: 1000000 nodes, dim=128, max_level=4, entry_point=572119
[DiskHNSW] Loading BFS order from output/sift1m_m24/sift1m_m24_bfs.bin...
[DiskHNSW] BFS mapping loaded: 1000000 entries
  [CSR] Built compressed adjacency: 26609131 edges, compact=54MB + offsets=3MB = 57MB (raw would be 105MB, 1.8x compression)
[DiskHNSW] BlockCache (pluggable) initialized
[IoUring] registered 512 buffers (FIXED read), files=no
[GraphPrefetcher] Initialized: ring_size=512, block_size=65536, odirect=yes, fd=3
[DiskHNSW] Graph-guided prefetch enabled (io_uring, odirect=yes)
[DiskHNSW] Loading PQ codes from output/pqco_sift1m_M32_correct.bin...
  PQ params: N=1000000, M=32, nbits=8, dim=128, dsub=4, ksub=256
  [UpperPQ] Freed 42294 exact vectors (20MB) — using PQ ADC instead
  PQ codebook: 0 MB
  PQ codes: 30 MB (1000000 x 32 bytes)
  PQ enabled: ADC distance will be used for Layer 0
RSS after init: 138 MB
[FineRerank] buffered mode (page cache + disk, recommended)
[FineRerank] slot table built: 7937 blocks, 528.308 ms
[IoUring] registered 256 buffers (FIXED read), files=no
[PROFILE_FINE] n=200 collect=36 loop+syscall=4+92 io_1st=9 io_rest=293 compute=2 | pages=61.6 cached=0.7 iters=14.4
[PROFILE_FINE] n=400 collect=24 loop+syscall=4+96 io_1st=9 io_rest=297 compute=2 | pages=61.2 cached=1.2 iters=15.8
[PROFILE_FINE] n=600 collect=20 loop+syscall=4+97 io_1st=9 io_rest=293 compute=2 | pages=60.4 cached=1.9 iters=16.8
[PROFILE_FINE] n=800 collect=18 loop+syscall=4+98 io_1st=9 io_rest=293 compute=2 | pages=60.0 cached=2.2 iters=17.1
[PROFILE_FINE] n=1000 collect=17 loop+syscall=4+98 io_1st=9 io_rest=292 compute=2 | pages=59.5 cached=2.8 iters=17.4
Round   1: QPS=    651.8  recall=96.49%  cum_unique=1000
[IoUring] registered 256 buffers (FIXED read), files=no
[PROFILE_FINE] n=1200 collect=17 loop+syscall=4+98 io_1st=9 io_rest=288 compute=2 | pages=58.7 cached=3.6 iters=17.4
[PROFILE_FINE] n=1400 collect=17 loop+syscall=4+97 io_1st=10 io_rest=284 compute=2 | pages=57.7 cached=4.5 iters=17.2
[PROFILE_FINE] n=1600 collect=16 loop+syscall=4+97 io_1st=10 io_rest=282 compute=2 | pages=57.1 cached=5.3 iters=17.2
[PROFILE_FINE] n=1800 collect=16 loop+syscall=4+96 io_1st=10 io_rest=280 compute=2 | pages=56.5 cached=5.9 iters=17.1
[PROFILE_FINE] n=2000 collect=15 loop+syscall=4+96 io_1st=11 io_rest=278 compute=2 | pages=55.9 cached=6.4 iters=17.1
Round   2: QPS=   1410.1  recall=96.54%  cum_unique=1914
[IoUring] registered 256 buffers (FIXED read), files=no
[PROFILE_FINE] n=2200 collect=15 loop+syscall=4+95 io_1st=11 io_rest=275 compute=2 | pages=55.3 cached=7.0 iters=17.2
[PROFILE_FINE] n=2400 collect=15 loop+syscall=4+94 io_1st=12 io_rest=273 compute=2 | pages=54.6 cached=7.7 iters=17.2
[PROFILE_FINE] n=2600 collect=24 loop+syscall=4+96 io_1st=12 io_rest=272 compute=2 | pages=54.0 cached=8.3 iters=17.0
[PROFILE_FINE] n=2800 collect=30 loop+syscall=4+96 io_1st=12 io_rest=284 compute=2 | pages=53.6 cached=8.7 iters=16.3
[PROFILE_FINE] n=3000 collect=36 loop+syscall=4+96 io_1st=12 io_rest=298 compute=2 | pages=53.3 cached=9.0 iters=15.5
Round   3: QPS=   1014.1  recall=96.34%  cum_unique=2714
[IoUring] registered 256 buffers (FIXED read), files=no
[PROFILE_FINE] n=3200 collect=39 loop+syscall=4+96 io_1st=12 io_rest=306 compute=2 | pages=52.8 cached=9.5 iters=14.8
[PROFILE_FINE] n=3400 collect=42 loop+syscall=4+95 io_1st=12 io_rest=307 compute=2 | pages=52.2 cached=10.0 iters=14.4
[PROFILE_FINE] n=3600 collect=42 loop+syscall=3+94 io_1st=12 io_rest=306 compute=2 | pages=51.9 cached=10.4 iters=14.1
[PROFILE_FINE] n=3800 collect=42 loop+syscall=3+93 io_1st=12 io_rest=303 compute=2 | pages=51.5 cached=10.7 iters=14.0
[PROFILE_FINE] n=4000 collect=41 loop+syscall=3+92 io_1st=12 io_rest=301 compute=2 | pages=51.3 cached=11.0 iters=14.1
Round   4: QPS=    883.4  recall=96.70%  cum_unique=3434
[IoUring] registered 256 buffers (FIXED read), files=no
[PROFILE_FINE] n=4200 collect=40 loop+syscall=3+91 io_1st=12 io_rest=297 compute=2 | pages=50.9 cached=11.4 iters=14.1
[PROFILE_FINE] n=4400 collect=39 loop+syscall=3+91 io_1st=12 io_rest=294 compute=2 | pages=50.6 cached=11.7 iters=14.1
[PROFILE_FINE] n=4600 collect=38 loop+syscall=3+90 io_1st=12 io_rest=291 compute=2 | pages=50.3 cached=12.0 iters=14.2
[PROFILE_FINE] n=4800 collect=36 loop+syscall=3+90 io_1st=12 io_rest=289 compute=2 | pages=50.1 cached=12.2 iters=14.2
[PROFILE_FINE] n=5000 collect=35 loop+syscall=3+89 io_1st=12 io_rest=287 compute=2 | pages=49.8 cached=12.4 iters=14.3
Round   5: QPS=   1550.0  recall=96.63%  cum_unique=4081
[IoUring] registered 256 buffers (FIXED read), files=no
[PROFILE_FINE] n=5200 collect=35 loop+syscall=3+88 io_1st=13 io_rest=285 compute=2 | pages=49.6 cached=12.7 iters=14.3
[PROFILE_FINE] n=5400 collect=34 loop+syscall=3+88 io_1st=13 io_rest=282 compute=2 | pages=49.3 cached=12.9 iters=14.3
[PROFILE_FINE] n=5600 collect=33 loop+syscall=3+87 io_1st=13 io_rest=280 compute=2 | pages=49.0 cached=13.2 iters=14.4
[PROFILE_FINE] n=5800 collect=32 loop+syscall=3+87 io_1st=13 io_rest=279 compute=2 | pages=48.9 cached=13.3 iters=14.5
[PROFILE_FINE] n=6000 collect=32 loop+syscall=3+87 io_1st=13 io_rest=278 compute=2 | pages=48.8 cached=13.5 iters=14.5
Round   6: QPS=   1577.9  recall=96.37%  cum_unique=4675
[IoUring] registered 256 buffers (FIXED read), files=no
[PROFILE_FINE] n=6200 collect=32 loop+syscall=3+87 io_1st=13 io_rest=276 compute=2 | pages=48.6 cached=13.7 iters=14.5
[PROFILE_FINE] n=6400 collect=31 loop+syscall=3+87 io_1st=14 io_rest=275 compute=2 | pages=48.4 cached=13.8 iters=14.5
[PROFILE_FINE] n=6600 collect=31 loop+syscall=3+86 io_1st=14 io_rest=273 compute=2 | pages=48.2 cached=14.1 iters=14.5
[PROFILE_FINE] n=6800 collect=30 loop+syscall=3+86 io_1st=14 io_rest=272 compute=2 | pages=48.0 cached=14.2 iters=14.5
[PROFILE_FINE] n=7000 collect=30 loop+syscall=3+86 io_1st=14 io_rest=271 compute=2 | pages=47.9 cached=14.3 iters=14.5
Round   7: QPS=   1531.8  recall=96.75%  cum_unique=5220
[IoUring] registered 256 buffers (FIXED read), files=no
[PROFILE_FINE] n=7200 collect=29 loop+syscall=3+86 io_1st=14 io_rest=269 compute=2 | pages=47.7 cached=14.6 iters=14.5
[PROFILE_FINE] n=7400 collect=29 loop+syscall=3+86 io_1st=14 io_rest=269 compute=2 | pages=47.5 cached=14.7 iters=14.5
[PROFILE_FINE] n=7600 collect=29 loop+syscall=3+85 io_1st=14 io_rest=268 compute=2 | pages=47.4 cached=14.8 iters=14.5
[PROFILE_FINE] n=7800 collect=28 loop+syscall=3+85 io_1st=14 io_rest=267 compute=2 | pages=47.3 cached=14.9 iters=14.5
[PROFILE_FINE] n=8000 collect=28 loop+syscall=3+85 io_1st=14 io_rest=266 compute=2 | pages=47.2 cached=15.0 iters=14.5
Round   8: QPS=   1500.4  recall=96.21%  cum_unique=5696
[IoUring] registered 256 buffers (FIXED read), files=no
[PROFILE_FINE] n=8200 collect=28 loop+syscall=3+85 io_1st=14 io_rest=265 compute=2 | pages=47.1 cached=15.2 iters=14.5
[PROFILE_FINE] n=8400 collect=27 loop+syscall=3+85 io_1st=14 io_rest=264 compute=2 | pages=46.9 cached=15.3 iters=14.5
[PROFILE_FINE] n=8600 collect=27 loop+syscall=3+84 io_1st=14 io_rest=263 compute=2 | pages=46.8 cached=15.4 iters=14.5
[PROFILE_FINE] n=8800 collect=27 loop+syscall=3+84 io_1st=14 io_rest=263 compute=2 | pages=46.7 cached=15.5 iters=14.5
[PROFILE_FINE] n=9000 collect=26 loop+syscall=3+84 io_1st=14 io_rest=262 compute=2 | pages=46.6 cached=15.6 iters=14.5
Round   9: QPS=   1643.8  recall=97.04%  cum_unique=6116
[IoUring] registered 256 buffers (FIXED read), files=no
[PROFILE_FINE] n=9200 collect=26 loop+syscall=3+84 io_1st=14 io_rest=261 compute=2 | pages=46.5 cached=15.7 iters=14.5
[PROFILE_FINE] n=9400 collect=26 loop+syscall=3+83 io_1st=15 io_rest=260 compute=2 | pages=46.4 cached=15.8 iters=14.5
[PROFILE_FINE] n=9600 collect=25 loop+syscall=3+83 io_1st=15 io_rest=260 compute=2 | pages=46.3 cached=15.9 iters=14.6
[PROFILE_FINE] n=9800 collect=25 loop+syscall=3+83 io_1st=15 io_rest=259 compute=2 | pages=46.2 cached=16.0 iters=14.6
[PROFILE_FINE] n=10000 collect=25 loop+syscall=3+82 io_1st=15 io_rest=258 compute=2 | pages=46.2 cached=16.1 iters=14.6
Round  10: QPS=   1680.5  recall=96.72%  cum_unique=6494
[IoUring] registered 256 buffers (FIXED read), files=no
[PROFILE_FINE] n=10200 collect=25 loop+syscall=3+82 io_1st=15 io_rest=258 compute=2 | pages=46.0 cached=16.2 iters=14.6
[PROFILE_FINE] n=10400 collect=24 loop+syscall=3+82 io_1st=15 io_rest=257 compute=2 | pages=45.9 cached=16.3 iters=14.6
[PROFILE_FINE] n=10600 collect=24 loop+syscall=3+82 io_1st=15 io_rest=256 compute=2 | pages=45.9 cached=16.3 iters=14.6
[PROFILE_FINE] n=10800 collect=24 loop+syscall=3+82 io_1st=15 io_rest=256 compute=2 | pages=45.8 cached=16.4 iters=14.6
[PROFILE_FINE] n=11000 collect=24 loop+syscall=3+82 io_1st=15 io_rest=256 compute=2 | pages=45.8 cached=16.5 iters=14.6
Round  11: QPS=   1564.3  recall=96.93%  cum_unique=6837
[IoUring] registered 256 buffers (FIXED read), files=no
[PROFILE_FINE] n=11200 collect=24 loop+syscall=3+82 io_1st=15 io_rest=255 compute=2 | pages=45.7 cached=16.6 iters=14.6
[PROFILE_FINE] n=11400 collect=24 loop+syscall=3+81 io_1st=15 io_rest=254 compute=2 | pages=45.6 cached=16.6 iters=14.6
[PROFILE_FINE] n=11600 collect=23 loop+syscall=3+82 io_1st=16 io_rest=254 compute=2 | pages=45.5 cached=16.7 iters=14.6
[PROFILE_FINE] n=11800 collect=23 loop+syscall=3+82 io_1st=15 io_rest=253 compute=2 | pages=45.4 cached=16.8 iters=14.6
[PROFILE_FINE] n=12000 collect=23 loop+syscall=3+81 io_1st=15 io_rest=253 compute=2 | pages=45.4 cached=16.8 iters=14.6
Round  12: QPS=   1468.4  recall=96.10%  cum_unique=7145
[IoUring] registered 256 buffers (FIXED read), files=no
[PROFILE_FINE] n=12200 collect=23 loop+syscall=3+81 io_1st=15 io_rest=253 compute=2 | pages=45.3 cached=16.9 iters=14.6
[PROFILE_FINE] n=12400 collect=23 loop+syscall=3+81 io_1st=15 io_rest=252 compute=2 | pages=45.3 cached=17.0 iters=14.6
[PROFILE_FINE] n=12600 collect=23 loop+syscall=3+81 io_1st=15 io_rest=252 compute=2 | pages=45.2 cached=17.0 iters=14.7
[PROFILE_FINE] n=12800 collect=23 loop+syscall=3+81 io_1st=15 io_rest=251 compute=2 | pages=45.2 cached=17.1 iters=14.7
[PROFILE_FINE] n=13000 collect=22 loop+syscall=3+81 io_1st=15 io_rest=251 compute=2 | pages=45.1 cached=17.1 iters=14.7
Round  13: QPS=   1531.5  recall=97.04%  cum_unique=7439
[IoUring] registered 256 buffers (FIXED read), files=no
[PROFILE_FINE] n=13200 collect=22 loop+syscall=3+81 io_1st=15 io_rest=250 compute=2 | pages=45.0 cached=17.2 iters=14.7
[PROFILE_FINE] n=13400 collect=22 loop+syscall=3+81 io_1st=15 io_rest=250 compute=2 | pages=45.0 cached=17.3 iters=14.7
[PROFILE_FINE] n=13600 collect=22 loop+syscall=3+80 io_1st=15 io_rest=250 compute=2 | pages=44.9 cached=17.3 iters=14.7
[PROFILE_FINE] n=13800 collect=22 loop+syscall=3+80 io_1st=15 io_rest=250 compute=2 | pages=44.9 cached=17.3 iters=14.7
[PROFILE_FINE] n=14000 collect=22 loop+syscall=3+80 io_1st=15 io_rest=249 compute=2 | pages=44.9 cached=17.4 iters=14.7
Round  14: QPS=   1586.4  recall=96.55%  cum_unique=7701
[IoUring] registered 256 buffers (FIXED read), files=no
[PROFILE_FINE] n=14200 collect=22 loop+syscall=3+80 io_1st=15 io_rest=249 compute=2 | pages=44.8 cached=17.4 iters=14.7
[PROFILE_FINE] n=14400 collect=22 loop+syscall=3+80 io_1st=15 io_rest=248 compute=2 | pages=44.7 cached=17.5 iters=14.7
[PROFILE_FINE] n=14600 collect=21 loop+syscall=3+80 io_1st=15 io_rest=248 compute=2 | pages=44.7 cached=17.5 iters=14.7
[PROFILE_FINE] n=14800 collect=21 loop+syscall=3+80 io_1st=15 io_rest=248 compute=2 | pages=44.7 cached=17.6 iters=14.7
[PROFILE_FINE] n=15000 collect=21 loop+syscall=3+80 io_1st=15 io_rest=248 compute=2 | pages=44.6 cached=17.6 iters=14.7
Round  15: QPS=   1634.5  recall=96.54%  cum_unique=7942

=== Aggregate ===
Total queries: 15000
Total time:    11.379 s
QPS:           1318.3
Recall@10:     96.60%
Cumulative unique queries: 7942 / 10000
Hit%:          0.00
RSS:           255 MB

=== Cache saturation ===
Round 1 QPS:   651.8
Round 15 QPS:  1634.5
Ramp-up:       150.8%

CSV_HEADER,round,queries,seconds,qps,recall,cum_unique
CSV_ROW,1,1000,1.534267,651.8,96.49,1000
CSV_ROW,2,1000,0.709183,1410.1,96.54,1914
CSV_ROW,3,1000,0.986131,1014.1,96.34,2714
CSV_ROW,4,1000,1.131942,883.4,96.70,3434
CSV_ROW,5,1000,0.645174,1550.0,96.63,4081
CSV_ROW,6,1000,0.633751,1577.9,96.37,4675
CSV_ROW,7,1000,0.652824,1531.8,96.75,5220
CSV_ROW,8,1000,0.666480,1500.4,96.21,5696
CSV_ROW,9,1000,0.608359,1643.8,97.04,6116
CSV_ROW,10,1000,0.595062,1680.5,96.72,6494
CSV_ROW,11,1000,0.639257,1564.3,96.93,6837
CSV_ROW,12,1000,0.681005,1468.4,96.10,7145
CSV_ROW,13,1000,0.652953,1531.5,97.04,7439
CSV_ROW,14,1000,0.630377,1586.4,96.55,7701
CSV_ROW,15,1000,0.611790,1634.5,96.54,7942
CSV_AGG,15,15000,11.378556,1318.3,96.60,7942,1634.5
[Prefetch Accuracy] useful=0 wasted=0 total_prefetched_settled=0 accuracy=0%
terminate called without an active exception
bash: 第 17 行： 1635403 已放弃               （核心已转储） poc/ssd-parallelism-io/build/benchmark_cqe output/sift1m_m24/sift1m_m24_graph.bin output/sift1m_m24/sift1m_m24_bfs.bin output/sift1m_m24/sift1m_m24_blocks_64k.bin output/sift1m_m24/sift1m_m24_route_64k.bin data/sift_base.fvecs data/sift_query_official10k.fvecs data/sift_groundtruth_official.ivecs 10 60 --rounds 15 --per-round 1000 --seed 42 --verbose
