=== Sustained Query Benchmark (BEH-035) ===
Pool: 10000 queries (dim=128) | GT: 10000x100
Rounds: 15 | Per-round: 1000 | Seed: 42
k=10, ef=60
Cache: 64MB (1024 slots, 11.6% coverage)
Mode: CONCURRENT (threads=1)
[BfsLayoutProvider] Loaded route table: 1000000 entries, 8812 blocks
[BlockCache] Initialized: block_size=65536, num_blocks=8812, cache_slots=1024, dim=128, layout=bfs, policy=lru, io_mode=direct
[BlockCache] Flat vec cache: 130055 slots, 65027 KB, entry_size=512
[BlockCache] Flat block cache: 4096 slots, 32 KB
[DiskHNSW] Loading graph structure (slim) from output/sift1m_m24/sift1m_m24_graph.bin...
  [slim+adj] Loading vectors for 42294 upper-layer nodes (20MB, skipping 488MB)
  [slim+adj] Loaded L0 adjacency: 26609131 edges (101MB)
  [slim+adj] Loaded graph structure from output/sift1m_m24/sift1m_m24_graph.bin (1000000 nodes, 42294 upper, 26609131 edges)
[DiskHNSW] Graph: 1000000 nodes, dim=128, max_level=4, entry_point=572119
[DiskHNSW] Loading BFS order from output/sift1m_m24/sift1m_m24_bfs.bin...
[DiskHNSW] BFS mapping loaded: 1000000 entries
  [CSR] Built compressed adjacency: 26609131 edges, compact=54MB + offsets=3MB = 57MB (raw would be 105MB, 1.8x compression)
[DiskHNSW] BlockCache (pluggable) initialized
[GraphPrefetcher] Initialized: ring_size=512, block_size=65536, odirect=yes, fd=3
[DiskHNSW] Graph-guided prefetch enabled (io_uring, odirect=yes)
[DiskHNSW] Loading PQ codes via mmap from output/sift1m_m24/sift1m_m24_pq_bfs.bin...
  PQ params: N=1000000, M=32, nbits=8, dim=128, dsub=4, ksub=256
  [mmap] PQ codes mapped: 30MB (file-backed, cgroup file budget)
  [UpperPQ] Freed 42294 exact vectors (20MB)
  PQ codebook: 0 MB (anon)
  PQ codes: 30 MB (mmap/file-backed)
  PQ enabled: ADC distance will be used for Layer 0
RSS after init: 79 MB
[FineRerank] buffered mode (page cache + disk, recommended)
[FineRerank] slot table built: 7937 blocks, 574.125 ms

=== Aggregate ===
Total queries: 15000
Total time:    43.078 s
QPS:           348.2
Recall@10:     96.60%
Cumulative unique queries: 7942 / 10000
Hit%:          0.00
RSS:           230 MB

=== Cache saturation ===
Round 1 QPS:   303.1
Round 15 QPS:  328.1
Ramp-up:       8.3%

CSV_HEADER,round,queries,seconds,qps,recall,cum_unique
CSV_ROW,1,1000,3.299667,303.1,96.49,1000
CSV_ROW,2,1000,2.550105,392.1,96.53,1914
CSV_ROW,3,1000,2.757076,362.7,96.33,2714
CSV_ROW,4,1000,2.783285,359.3,96.69,3434
CSV_ROW,5,1000,2.808041,356.1,96.63,4081
CSV_ROW,6,1000,2.841703,351.9,96.37,4675
CSV_ROW,7,1000,2.894387,345.5,96.75,5220
CSV_ROW,8,1000,2.887423,346.3,96.22,5696
CSV_ROW,9,1000,2.831619,353.2,97.04,6116
CSV_ROW,10,1000,2.845428,351.4,96.73,6494
CSV_ROW,11,1000,2.870251,348.4,96.94,6837
CSV_ROW,12,1000,2.862763,349.3,96.11,7145
CSV_ROW,13,1000,2.869672,348.5,97.02,7439
CSV_ROW,14,1000,2.928610,341.5,96.55,7701
CSV_ROW,15,1000,3.047914,328.1,96.54,7942
CSV_AGG,15,15000,43.077944,348.2,96.60,7942,328.1
[Prefetch Accuracy] useful=0 wasted=0 total_prefetched_settled=0 accuracy=0%
terminate called without an active exception
